 16_Function Overloading

 Timestamp is 66d72816 (Tue Sep  3 11:15:34 2024)

 Preferred load address is 0000000140000000

 Start         Length     Name                   Class
 0001:00000000 00010000H .textbss                DATA
 0002:00000000 00006ae0H .text$mn                CODE
 0002:00006ae0 00001040H .text$mn$00             CODE
 0002:00007b20 00001193H .text$x                 CODE
 0003:00000000 00000110H .CRT$XCA                DATA
 0003:00000110 00000110H .CRT$XCAA               DATA
 0003:00000220 00000110H .CRT$XCZ                DATA
 0003:00000330 00000110H .CRT$XIA                DATA
 0003:00000440 00000110H .CRT$XIAA               DATA
 0003:00000550 00000110H .CRT$XIAC               DATA
 0003:00000660 00000110H .CRT$XIZ                DATA
 0003:00000770 00000110H .CRT$XPA                DATA
 0003:00000880 00000110H .CRT$XPZ                DATA
 0003:00000990 00000110H .CRT$XTA                DATA
 0003:00000aa0 00000110H .CRT$XTZ                DATA
 0003:00000bb0 00000ed0H .rdata                  DATA
 0003:00001a80 00000200H .rdata$CastGuardVftablesA DATA
 0003:00001c80 0000019cH .rdata$CastGuardVftablesC DATA
 0003:00001e1c 000001a4H .rdata$zzzdbg           DATA
 0003:00001fc0 00000110H .rtc$IAA                DATA
 0003:000020d0 00000120H .rtc$IMZ                DATA
 0003:000021f0 00000110H .rtc$IZZ                DATA
 0003:00002300 00000110H .rtc$TAA                DATA
 0003:00002410 00000120H .rtc$TMZ                DATA
 0003:00002530 00000110H .rtc$TZZ                DATA
 0003:00002640 00000a0bH .xdata                  DATA
 0003:0000304b 00000000H .edata                  DATA
 0004:00000000 00000180H .data                   DATA
 0004:00000180 000007a0H .bss                    DATA
 0005:00000000 00002250H .pdata                  DATA
 0006:00000000 00000500H .idata$5                DATA
 0006:00000500 00000064H .idata$2                DATA
 0006:00000564 00000014H .idata$3                DATA
 0006:00000578 00000500H .idata$4                DATA
 0006:00000a78 00000c30H .idata$6                DATA
 0007:00000000 000001faH .msvcjmc                DATA
 0008:00000000 00000175H .00cfg                  DATA
 0009:00000000 00000170H .rsrc$01                DATA
 0009:00000170 000002ccH .rsrc$02                DATA

  Address         Publics by Value              Rva+Base               Lib:Object

 0000:00000000       __AbsoluteZero             0000000000000000     <absolute>
 0000:00000000       ___safe_se_handler_count   0000000000000000     <absolute>
 0000:00000000       ___safe_se_handler_table   0000000000000000     <absolute>
 0000:00000000       __arm64x_extra_rfe_table   0000000000000000     <absolute>
 0000:00000000       __arm64x_extra_rfe_table_size 0000000000000000     <absolute>
 0000:00000000       __arm64x_native_entrypoint 0000000000000000     <absolute>
 0000:00000000       __arm64x_redirection_metadata 0000000000000000     <absolute>
 0000:00000000       __arm64x_redirection_metadata_count 0000000000000000     <absolute>
 0000:00000000       __dynamic_value_reloc_table 0000000000000000     <absolute>
 0000:00000000       __enclave_config           0000000000000000     <absolute>
 0000:00000000       __guard_check_icall_a64n_fptr 0000000000000000     <absolute>
 0000:00000000       __guard_eh_cont_count      0000000000000000     <absolute>
 0000:00000000       __guard_eh_cont_table      0000000000000000     <absolute>
 0000:00000000       __guard_fids_count         0000000000000000     <absolute>
 0000:00000000       __guard_fids_table         0000000000000000     <absolute>
 0000:00000000       __guard_iat_count          0000000000000000     <absolute>
 0000:00000000       __guard_iat_table          0000000000000000     <absolute>
 0000:00000000       __guard_longjmp_count      0000000000000000     <absolute>
 0000:00000000       __guard_longjmp_table      0000000000000000     <absolute>
 0000:00000000       __hybrid_auxiliary_delayload_iat 0000000000000000     <absolute>
 0000:00000000       __hybrid_auxiliary_delayload_iat_copy 0000000000000000     <absolute>
 0000:00000000       __hybrid_auxiliary_iat     0000000000000000     <absolute>
 0000:00000000       __hybrid_auxiliary_iat_copy 0000000000000000     <absolute>
 0000:00000000       __hybrid_code_map          0000000000000000     <absolute>
 0000:00000000       __hybrid_code_map_count    0000000000000000     <absolute>
 0000:00000000       __hybrid_image_info_bitfield 0000000000000000     <absolute>
 0000:00000000       __volatile_metadata        0000000000000000     <absolute>
 0000:00000000       __x64_code_ranges_to_entry_points 0000000000000000     <absolute>
 0000:00000000       __x64_code_ranges_to_entry_points_count 0000000000000000     <absolute>
 0000:00000100       __guard_flags              0000000000000100     <absolute>
 0000:00000000       __ImageBase                0000000140000000     <linker-defined>
 0001:00000000       __enc$textbss$begin        0000000140001000     <linker-defined>
 0001:00010000       __enc$textbss$end          0000000140011000     <linker-defined>
 0002:000008e0       ??$endl@DU?$char_traits@D@std@@@std@@YAAEAV?$basic_ostream@DU?$char_traits@D@std@@@0@AEAV10@@Z 00000001400118e0 f i Function_Overloading.obj
 0002:00000970       ?__empty_global_delete@@YAXPEAX@Z 0000000140011970 f i Function_Overloading.obj
 0002:000009b0       ?__empty_global_delete@@YAXPEAX_K@Z 00000001400119b0 f i Function_Overloading.obj
 0002:000009f0       __JustMyCode_Default       00000001400119f0 f i Function_Overloading.obj
 0002:00000a00       main                       0000000140011a00 f   Function_Overloading.obj
 0002:00000ad0       ??$?6U?$char_traits@D@std@@@std@@YAAEAV?$basic_ostream@DU?$char_traits@D@std@@@0@AEAV10@PEBD@Z 0000000140011ad0 f i Function_Overloading_Func.obj
 0002:00000e90       Print                      0000000140011e90 f   Function_Overloading_Func.obj
 0002:00000f80       ??0_Sentry_base@?$basic_ostream@DU?$char_traits@D@std@@@std@@QEAA@AEAV12@@Z 0000000140011f80 f i Function_Overloading_Func.obj
 0002:00001040       ??0sentry@?$basic_ostream@DU?$char_traits@D@std@@@std@@QEAA@AEAV12@@Z 0000000140012040 f i Function_Overloading_Func.obj
 0002:00001190       ??1_Sentry_base@?$basic_ostream@DU?$char_traits@D@std@@@std@@QEAA@XZ 0000000140012190 f i Function_Overloading_Func.obj
 0002:00001230       ??1sentry@?$basic_ostream@DU?$char_traits@D@std@@@std@@QEAA@XZ 0000000140012230 f i Function_Overloading_Func.obj
 0002:000012c0       ??Bsentry@?$basic_ostream@DU?$char_traits@D@std@@@std@@QEBA_NXZ 00000001400122c0 f i Function_Overloading_Func.obj
 0002:00001310       ?Add@@YAHHH@Z              0000000140012310 f   Function_Overloading_Func.obj
 0002:00001360       ?Add@@YANNN@Z              0000000140012360 f   Function_Overloading_Func.obj
 0002:000013b0       ?Print@@YAXPEBH@Z          00000001400123b0 f   Function_Overloading_Func.obj
 0002:00001410       ?eof@?$_Narrow_char_traits@DH@std@@SAHXZ 0000000140012410 f i Function_Overloading_Func.obj
 0002:00001450       ?eq_int_type@?$_Narrow_char_traits@DH@std@@SA_NAEBH0@Z 0000000140012450 f i Function_Overloading_Func.obj
 0002:000014d0       ?length@?$_Narrow_char_traits@DH@std@@SA_KQEBD@Z 00000001400124d0 f i Function_Overloading_Func.obj
 0002:0000157f       ?widen@?$basic_ios@DU?$char_traits@D@std@@@std@@QEBADD@Z 000000014001257f f   msvcprtd:MSVCP140D.dll
 0002:00001585       ??6?$basic_ostream@DU?$char_traits@D@std@@@std@@QEAAAEAV01@P6AAEAV01@AEAV01@@Z@Z 0000000140012585 f   msvcprtd:MSVCP140D.dll
 0002:0000158b       ??6?$basic_ostream@DU?$char_traits@D@std@@@std@@QEAAAEAV01@H@Z 000000014001258b f   msvcprtd:MSVCP140D.dll
 0002:00001591       ?put@?$basic_ostream@DU?$char_traits@D@std@@@std@@QEAAAEAV12@D@Z 0000000140012591 f   msvcprtd:MSVCP140D.dll
 0002:00001597       ?flush@?$basic_ostream@DU?$char_traits@D@std@@@std@@QEAAAEAV12@XZ 0000000140012597 f   msvcprtd:MSVCP140D.dll
 0002:0000159d       ?uncaught_exception@std@@YA_NXZ 000000014001259d f   msvcprtd:MSVCP140D.dll
 0002:000015a3       ?good@ios_base@std@@QEBA_NXZ 00000001400125a3 f   msvcprtd:MSVCP140D.dll
 0002:000015a9       ?flags@ios_base@std@@QEBAHXZ 00000001400125a9 f   msvcprtd:MSVCP140D.dll
 0002:000015af       ?width@ios_base@std@@QEBA_JXZ 00000001400125af f   msvcprtd:MSVCP140D.dll
 0002:000015b5       ?width@ios_base@std@@QEAA_J_J@Z 00000001400125b5 f   msvcprtd:MSVCP140D.dll
 0002:000015bb       ?sputc@?$basic_streambuf@DU?$char_traits@D@std@@@std@@QEAAHD@Z 00000001400125bb f   msvcprtd:MSVCP140D.dll
 0002:000015c1       ?sputn@?$basic_streambuf@DU?$char_traits@D@std@@@std@@QEAA_JPEBD_J@Z 00000001400125c1 f   msvcprtd:MSVCP140D.dll
 0002:000015c7       ?setstate@?$basic_ios@DU?$char_traits@D@std@@@std@@QEAAXH_N@Z 00000001400125c7 f   msvcprtd:MSVCP140D.dll
 0002:000015cd       ?tie@?$basic_ios@DU?$char_traits@D@std@@@std@@QEBAPEAV?$basic_ostream@DU?$char_traits@D@std@@@2@XZ 00000001400125cd f   msvcprtd:MSVCP140D.dll
 0002:000015d3       ?rdbuf@?$basic_ios@DU?$char_traits@D@std@@@std@@QEBAPEAV?$basic_streambuf@DU?$char_traits@D@std@@@2@XZ 00000001400125d3 f   msvcprtd:MSVCP140D.dll
 0002:000015d9       ?fill@?$basic_ios@DU?$char_traits@D@std@@@std@@QEBADXZ 00000001400125d9 f   msvcprtd:MSVCP140D.dll
 0002:000015df       ?_Osfx@?$basic_ostream@DU?$char_traits@D@std@@@std@@QEAAXXZ 00000001400125df f   msvcprtd:MSVCP140D.dll
 0002:000015f0       _RTC_AllocaHelper          00000001400125f0 f   MSVCRTD:stack.obj
 0002:00001640       _RTC_CheckStackVars        0000000140012640 f   MSVCRTD:stack.obj
 0002:000016f0       _RTC_CheckStackVars2       00000001400126f0 f   MSVCRTD:stack.obj
 0002:00001840       _CRT_RTC_INIT              0000000140012840 f   MSVCRTD:init.obj
 0002:00001850       _CRT_RTC_INITW             0000000140012850 f   MSVCRTD:init.obj
 0002:00001860       _RTC_InitBase              0000000140012860 f   MSVCRTD:init.obj
 0002:000018b0       _RTC_Shutdown              00000001400128b0 f   MSVCRTD:init.obj
 0002:000018e0       __CheckForDebuggerJustMyCode 00000001400128e0 f   MSVCRTD:debugger_jmc.obj
 0002:00001c80       ?configure_argv@__scrt_narrow_argv_policy@@SAHXZ 0000000140012c80 f i MSVCRTD:exe_main.obj
 0002:00001ca0       ?initialize_environment@__scrt_narrow_environment_policy@@SAHXZ 0000000140012ca0 f i MSVCRTD:exe_main.obj
 0002:00001d10       ?set_app_type@__scrt_main_policy@@SAXXZ 0000000140012d10 f i MSVCRTD:exe_main.obj
 0002:00001d30       ?set_commode@__scrt_file_policy@@SAXXZ 0000000140012d30 f i MSVCRTD:exe_main.obj
 0002:00001d60       ?set_fmode@__scrt_file_policy@@SAXXZ 0000000140012d60 f i MSVCRTD:exe_main.obj
 0002:00001d80       mainCRTStartup             0000000140012d80 f   MSVCRTD:exe_main.obj
 0002:00001e50       ?_RTC_AllocaFailure@@YAXPEAXPEAU_RTC_ALLOCA_NODE@@H@Z 0000000140012e50 f   MSVCRTD:error.obj
 0002:00002000       ?_RTC_Failure@@YAXPEAXH@Z  0000000140013000 f   MSVCRTD:error.obj
 0002:00002070       ?_RTC_StackFailure@@YAXPEAXPEBD@Z 0000000140013070 f   MSVCRTD:error.obj
 0002:000025b0       _RTC_UninitUse             00000001400135b0 f   MSVCRTD:error.obj
 0002:000026b0       __local_stdio_printf_options 00000001400136b0 f i MSVCRTD:error.obj
 0002:000026c0       _vsprintf_s_l              00000001400136c0 f i MSVCRTD:error.obj
 0002:00002740       sprintf_s                  0000000140013740 f i MSVCRTD:error.obj
 0002:00002770       ?_RTC_GetErrorFunc@@YAP6AHHPEBDH00ZZPEBX@Z 0000000140013770 f   MSVCRTD:userapi.obj
 0002:00002780       ?_RTC_GetErrorFuncW@@YAP6AHHPEB_WH00ZZPEBX@Z 0000000140013780 f   MSVCRTD:userapi.obj
 0002:00002790       _RTC_GetErrDesc            0000000140013790 f   MSVCRTD:userapi.obj
 0002:000027b0       _RTC_NumErrors             00000001400137b0 f   MSVCRTD:userapi.obj
 0002:000027c0       _RTC_SetErrorFunc          00000001400137c0 f   MSVCRTD:userapi.obj
 0002:000027e0       _RTC_SetErrorFuncW         00000001400137e0 f   MSVCRTD:userapi.obj
 0002:00002800       _RTC_SetErrorType          0000000140013800 f   MSVCRTD:userapi.obj
 0002:000029e0       NtCurrentTeb               00000001400139e0 f i MSVCRTD:utility.obj
 0002:000029f0       __scrt_acquire_startup_lock 00000001400139f0 f   MSVCRTD:utility.obj
 0002:00002a70       __scrt_dllmain_after_initialize_c 0000000140013a70 f   MSVCRTD:utility.obj
 0002:00002ab0       __scrt_dllmain_before_initialize_c 0000000140013ab0 f   MSVCRTD:utility.obj
 0002:00002ae0       __scrt_dllmain_crt_thread_attach 0000000140013ae0 f   MSVCRTD:utility.obj
 0002:00002b20       __scrt_dllmain_crt_thread_detach 0000000140013b20 f   MSVCRTD:utility.obj
 0002:00002b40       __scrt_dllmain_exception_filter 0000000140013b40 f   MSVCRTD:utility.obj
 0002:00002bc0       __scrt_dllmain_uninitialize_c 0000000140013bc0 f   MSVCRTD:utility.obj
 0002:00002c00       __scrt_dllmain_uninitialize_critical 0000000140013c00 f   MSVCRTD:utility.obj
 0002:00002c20       __scrt_initialize_crt      0000000140013c20 f   MSVCRTD:utility.obj
 0002:00002c80       __scrt_initialize_onexit_tables 0000000140013c80 f   MSVCRTD:utility.obj
 0002:00002dd0       __scrt_is_nonwritable_in_current_image 0000000140013dd0 f   MSVCRTD:utility.obj
 0002:00002e80       __scrt_release_startup_lock 0000000140013e80 f   MSVCRTD:utility.obj
 0002:00002ec0       __scrt_uninitialize_crt    0000000140013ec0 f   MSVCRTD:utility.obj
 0002:00002f10       _onexit                    0000000140013f10 f   MSVCRTD:utility.obj
 0002:00002fb0       at_quick_exit              0000000140013fb0 f   MSVCRTD:utility.obj
 0002:00003010       atexit                     0000000140014010 f   MSVCRTD:utility.obj
 0002:00003140       __security_init_cookie     0000000140014140 f   MSVCRTD:gs_support.obj
 0002:000031e0       _matherr                   00000001400141e0 f   MSVCRTD:matherr.obj
 0002:000031f0       _get_startup_argv_mode     00000001400141f0 f   MSVCRTD:argv_mode.obj
 0002:00003200       _get_startup_commit_mode   0000000140014200 f   MSVCRTD:commit_mode.obj
 0002:00003210       _get_startup_file_mode     0000000140014210 f   MSVCRTD:file_mode.obj
 0002:00003220       _get_startup_new_mode      0000000140014220 f   MSVCRTD:new_mode.obj
 0002:00003230       _get_startup_thread_locale_mode 0000000140014230 f   MSVCRTD:thread_locale.obj
 0002:00003240       ?__scrt_initialize_type_info@@YAXXZ 0000000140014240 f   MSVCRTD:tncleanup.obj
 0002:00003260       ?__scrt_uninitialize_type_info@@YAXXZ 0000000140014260 f   MSVCRTD:tncleanup.obj
 0002:00003280       _should_initialize_environment 0000000140014280 f   MSVCRTD:env_mode.obj
 0002:00003290       _initialize_invalid_parameter_handler 0000000140014290 f   MSVCRTD:invalid_parameter_handler.obj
 0002:000032a0       _initialize_denormal_control 00000001400142a0 f   MSVCRTD:denormal_control.obj
 0002:000032b0       __local_stdio_scanf_options 00000001400142b0 f i MSVCRTD:default_local_stdio_options.obj
 0002:000032c0       __scrt_initialize_default_local_stdio_options 00000001400142c0 f   MSVCRTD:default_local_stdio_options.obj
 0002:00003320       __scrt_is_user_matherr_present 0000000140014320 f   MSVCRTD:matherr_detection.obj
 0002:00003350       __scrt_get_dyn_tls_init_callback 0000000140014350 f   MSVCRTD:dyn_tls_init.obj
 0002:00003360       __scrt_get_dyn_tls_dtor_callback 0000000140014360 f   MSVCRTD:dyn_tls_dtor.obj
 0002:00003370       __crt_debugger_hook        0000000140014370 f   MSVCRTD:utility_desktop.obj
 0002:00003390       __scrt_fastfail            0000000140014390 f   MSVCRTD:utility_desktop.obj
 0002:00003590       __scrt_get_show_window_mode 0000000140014590 f   MSVCRTD:utility_desktop.obj
 0002:00003600       __scrt_initialize_mta      0000000140014600 f   MSVCRTD:utility_desktop.obj
 0002:00003620       __scrt_initialize_winrt    0000000140014620 f   MSVCRTD:utility_desktop.obj
 0002:00003630       __scrt_is_managed_app      0000000140014630 f   MSVCRTD:utility_desktop.obj
 0002:00003700       __scrt_set_unhandled_exception_filter 0000000140014700 f   MSVCRTD:utility_desktop.obj
 0002:00003720       __scrt_exe_initialize_mta  0000000140014720 f   MSVCRTD:utility_desktop.obj
 0002:00003720       __scrt_stub_for_initialize_mta 0000000140014720 f   MSVCRTD:utility_desktop.obj
 0002:00003730       __scrt_unhandled_exception_filter 0000000140014730 f   MSVCRTD:utility_desktop.obj
 0002:000037f0       _RTC_Initialize            00000001400147f0 f   MSVCRTD:initsect.obj
 0002:00003850       _RTC_Terminate             0000000140014850 f   MSVCRTD:initsect.obj
 0002:000038b0       _guard_check_icall_nop     00000001400148b0 f i MSVCRTD:guard_support.obj
 0002:000038c0       ReadNoFence64              00000001400148c0 f i MSVCRTD:guard_support.obj
 0002:000038f0       ReadPointerNoFence         00000001400148f0 f i MSVCRTD:guard_support.obj
 0002:00003910       __castguard_check_failure_debugbreak 0000000140014910 f i MSVCRTD:guard_support.obj
 0002:00003940       __castguard_check_failure_fastfail 0000000140014940 f i MSVCRTD:guard_support.obj
 0002:00003970       __castguard_check_failure_nop 0000000140014970 f i MSVCRTD:guard_support.obj
 0002:00003980       __castguard_check_failure_os_handled 0000000140014980 f i MSVCRTD:guard_support.obj
 0002:000039f0       __castguard_check_failure_user_handled 00000001400149f0 f i MSVCRTD:guard_support.obj
 0002:00003b00       __castguard_set_user_handler 0000000140014b00 f i MSVCRTD:guard_support.obj
 0002:00003b30       __castguard_slow_path_check_debugbreak 0000000140014b30 f i MSVCRTD:guard_support.obj
 0002:00003b80       __castguard_slow_path_check_fastfail 0000000140014b80 f i MSVCRTD:guard_support.obj
 0002:00003be0       __castguard_slow_path_check_nop 0000000140014be0 f i MSVCRTD:guard_support.obj
 0002:00003c00       __castguard_slow_path_check_os_handled 0000000140014c00 f i MSVCRTD:guard_support.obj
 0002:00003c60       __castguard_slow_path_check_user_handled 0000000140014c60 f i MSVCRTD:guard_support.obj
 0002:00003d50       _guard_icall_checks_enforced 0000000140014d50 f i MSVCRTD:guard_support.obj
 0002:00003da0       _guard_rf_checks_enforced  0000000140014da0 f i MSVCRTD:guard_support.obj
 0002:00004410       ?_RTC_GetSrcLine@@YAHPEAEPEA_WKPEAH1K@Z 0000000140015410 f   MSVCRTD:pdblkup.obj
 0002:000048d0       __GSHandlerCheck           00000001400158d0 f   MSVCRTD:gshandler.obj
 0002:00004920       __GSHandlerCheckCommon     0000000140015920 f   MSVCRTD:gshandler.obj
 0002:00004a70       __security_check_cookie    0000000140015a70 f   MSVCRTD:amdsecgs.obj
 0002:00004aa0       __isa_available_init       0000000140015aa0 f   MSVCRTD:cpu_disp.obj
 0002:00004f30       __scrt_is_ucrt_dll_in_use  0000000140015f30 f   MSVCRTD:ucrt_detection.obj
 0002:00004f60       __raise_securityfailure    0000000140015f60 f   MSVCRTD:gs_report.obj
 0002:00004fb0       __report_gsfailure         0000000140015fb0 f   MSVCRTD:gs_report.obj
 0002:000050c0       __report_rangecheckfailure 00000001400160c0 f   MSVCRTD:gs_report.obj
 0002:000050e0       __report_securityfailure   00000001400160e0 f   MSVCRTD:gs_report.obj
 0002:000051b0       __report_securityfailureEx 00000001400161b0 f   MSVCRTD:gs_report.obj
 0002:000054ae       __CxxFrameHandler4         00000001400164ae f   vcruntimed:VCRUNTIME140_1D.dll
 0002:000054b4       __C_specific_handler       00000001400164b4 f   vcruntimed:VCRUNTIME140D.dll
 0002:000054ba       __C_specific_handler_noexcept 00000001400164ba f   vcruntimed:VCRUNTIME140D.dll
 0002:000054c0       __std_type_info_destroy_list 00000001400164c0 f   vcruntimed:VCRUNTIME140D.dll
 0002:000054c6       __current_exception        00000001400164c6 f   vcruntimed:VCRUNTIME140D.dll
 0002:000054cc       __current_exception_context 00000001400164cc f   vcruntimed:VCRUNTIME140D.dll
 0002:000054d2       __vcrt_GetModuleFileNameW  00000001400164d2 f   vcruntimed:VCRUNTIME140D.dll
 0002:000054d8       __vcrt_GetModuleHandleW    00000001400164d8 f   vcruntimed:VCRUNTIME140D.dll
 0002:000054de       __vcrt_LoadLibraryExW      00000001400164de f   vcruntimed:VCRUNTIME140D.dll
 0002:000054e4       strlen                     00000001400164e4 f   ucrtd:ucrtbased.dll
 0002:000054ea       _CrtDbgReport              00000001400164ea f   ucrtd:ucrtbased.dll
 0002:000054f0       _CrtDbgReportW             00000001400164f0 f   ucrtd:ucrtbased.dll
 0002:000054f6       _seh_filter_exe            00000001400164f6 f   ucrtd:ucrtbased.dll
 0002:000054fc       _set_app_type              00000001400164fc f   ucrtd:ucrtbased.dll
 0002:00005502       __setusermatherr           0000000140016502 f   ucrtd:ucrtbased.dll
 0002:00005508       _configure_narrow_argv     0000000140016508 f   ucrtd:ucrtbased.dll
 0002:0000550e       _initialize_narrow_environment 000000014001650e f   ucrtd:ucrtbased.dll
 0002:00005514       _get_initial_narrow_environment 0000000140016514 f   ucrtd:ucrtbased.dll
 0002:0000551a       _initterm                  000000014001651a f   ucrtd:ucrtbased.dll
 0002:00005520       _initterm_e                0000000140016520 f   ucrtd:ucrtbased.dll
 0002:00005526       exit                       0000000140016526 f   ucrtd:ucrtbased.dll
 0002:0000552c       _exit                      000000014001652c f   ucrtd:ucrtbased.dll
 0002:00005532       _set_fmode                 0000000140016532 f   ucrtd:ucrtbased.dll
 0002:00005538       __p___argc                 0000000140016538 f   ucrtd:ucrtbased.dll
 0002:0000553e       __p___argv                 000000014001653e f   ucrtd:ucrtbased.dll
 0002:00005544       _cexit                     0000000140016544 f   ucrtd:ucrtbased.dll
 0002:0000554a       _c_exit                    000000014001654a f   ucrtd:ucrtbased.dll
 0002:00005550       _register_thread_local_exe_atexit_callback 0000000140016550 f   ucrtd:ucrtbased.dll
 0002:00005556       _configthreadlocale        0000000140016556 f   ucrtd:ucrtbased.dll
 0002:0000555c       _set_new_mode              000000014001655c f   ucrtd:ucrtbased.dll
 0002:00005562       __p__commode               0000000140016562 f   ucrtd:ucrtbased.dll
 0002:00005568       strcpy_s                   0000000140016568 f   ucrtd:ucrtbased.dll
 0002:0000556e       strcat_s                   000000014001656e f   ucrtd:ucrtbased.dll
 0002:00005574       __stdio_common_vsprintf_s  0000000140016574 f   ucrtd:ucrtbased.dll
 0002:0000557a       _seh_filter_dll            000000014001657a f   ucrtd:ucrtbased.dll
 0002:00005580       _initialize_onexit_table   0000000140016580 f   ucrtd:ucrtbased.dll
 0002:00005586       _register_onexit_function  0000000140016586 f   ucrtd:ucrtbased.dll
 0002:0000558c       _execute_onexit_table      000000014001658c f   ucrtd:ucrtbased.dll
 0002:00005592       _crt_atexit                0000000140016592 f   ucrtd:ucrtbased.dll
 0002:00005598       _crt_at_quick_exit         0000000140016598 f   ucrtd:ucrtbased.dll
 0002:0000559e       terminate                  000000014001659e f   ucrtd:ucrtbased.dll
 0002:000055a4       _wmakepath_s               00000001400165a4 f   ucrtd:ucrtbased.dll
 0002:000055aa       _wsplitpath_s              00000001400165aa f   ucrtd:ucrtbased.dll
 0002:000055b0       wcscpy_s                   00000001400165b0 f   ucrtd:ucrtbased.dll
 0002:000055b6       GetCurrentThreadId         00000001400165b6 f   kernel32:KERNEL32.dll
 0002:000055bc       IsDebuggerPresent          00000001400165bc f   kernel32:KERNEL32.dll
 0002:000055c2       RaiseException             00000001400165c2 f   kernel32:KERNEL32.dll
 0002:000055c8       MultiByteToWideChar        00000001400165c8 f   kernel32:KERNEL32.dll
 0002:000055ce       WideCharToMultiByte        00000001400165ce f   kernel32:KERNEL32.dll
 0002:000055d4       QueryPerformanceCounter    00000001400165d4 f   kernel32:KERNEL32.dll
 0002:000055da       GetCurrentProcessId        00000001400165da f   kernel32:KERNEL32.dll
 0002:000055e0       GetSystemTimeAsFileTime    00000001400165e0 f   kernel32:KERNEL32.dll
 0002:000055e6       InitializeSListHead        00000001400165e6 f   kernel32:KERNEL32.dll
 0002:000055ec       RtlCaptureContext          00000001400165ec f   kernel32:KERNEL32.dll
 0002:000055f2       RtlLookupFunctionEntry     00000001400165f2 f   kernel32:KERNEL32.dll
 0002:000055f8       RtlVirtualUnwind           00000001400165f8 f   kernel32:KERNEL32.dll
 0002:000055fe       UnhandledExceptionFilter   00000001400165fe f   kernel32:KERNEL32.dll
 0002:00005604       SetUnhandledExceptionFilter 0000000140016604 f   kernel32:KERNEL32.dll
 0002:0000560a       GetStartupInfoW            000000014001660a f   kernel32:KERNEL32.dll
 0002:00005610       IsProcessorFeaturePresent  0000000140016610 f   kernel32:KERNEL32.dll
 0002:00005616       GetModuleHandleW           0000000140016616 f   kernel32:KERNEL32.dll
 0002:0000561c       GetLastError               000000014001661c f   kernel32:KERNEL32.dll
 0002:00005622       HeapAlloc                  0000000140016622 f   kernel32:KERNEL32.dll
 0002:00005628       HeapFree                   0000000140016628 f   kernel32:KERNEL32.dll
 0002:0000562e       GetProcessHeap             000000014001662e f   kernel32:KERNEL32.dll
 0002:00005634       VirtualQuery               0000000140016634 f   kernel32:KERNEL32.dll
 0002:0000563a       FreeLibrary                000000014001663a f   kernel32:KERNEL32.dll
 0002:00005640       GetProcAddress             0000000140016640 f   kernel32:KERNEL32.dll
 0002:00005646       GetCurrentProcess          0000000140016646 f   kernel32:KERNEL32.dll
 0002:0000564c       TerminateProcess           000000014001664c f   kernel32:KERNEL32.dll
 0002:00005660       __acrt_initialize          0000000140016660 f   MSVCRTD:ucrt_stubs.obj
 0002:00005660       __scrt_stub_for_acrt_initialize 0000000140016660 f   MSVCRTD:ucrt_stubs.obj
 0002:00005660       __vcrt_initialize          0000000140016660 f   MSVCRTD:ucrt_stubs.obj
 0002:00005670       __acrt_thread_attach       0000000140016670 f   MSVCRTD:ucrt_stubs.obj
 0002:00005670       __scrt_stub_for_acrt_thread_attach 0000000140016670 f   MSVCRTD:ucrt_stubs.obj
 0002:00005670       __vcrt_thread_attach       0000000140016670 f   MSVCRTD:ucrt_stubs.obj
 0002:00005680       __acrt_thread_detach       0000000140016680 f   MSVCRTD:ucrt_stubs.obj
 0002:00005680       __scrt_stub_for_acrt_thread_detach 0000000140016680 f   MSVCRTD:ucrt_stubs.obj
 0002:00005680       __vcrt_thread_detach       0000000140016680 f   MSVCRTD:ucrt_stubs.obj
 0002:00005690       __acrt_uninitialize        0000000140016690 f   MSVCRTD:ucrt_stubs.obj
 0002:00005690       __scrt_stub_for_acrt_uninitialize 0000000140016690 f   MSVCRTD:ucrt_stubs.obj
 0002:00005690       __vcrt_uninitialize        0000000140016690 f   MSVCRTD:ucrt_stubs.obj
 0002:000056a0       __acrt_uninitialize_critical 00000001400166a0 f   MSVCRTD:ucrt_stubs.obj
 0002:000056a0       __scrt_stub_for_acrt_uninitialize_critical 00000001400166a0 f   MSVCRTD:ucrt_stubs.obj
 0002:000056a0       __vcrt_uninitialize_critical 00000001400166a0 f   MSVCRTD:ucrt_stubs.obj
 0002:000056b0       __scrt_stub_for_is_c_termination_complete 00000001400166b0 f   MSVCRTD:ucrt_stubs.obj
 0002:000056b0       _is_c_termination_complete 00000001400166b0 f   MSVCRTD:ucrt_stubs.obj
 0002:000056b3       memcpy                     00000001400166b3 f   vcruntimed:VCRUNTIME140D.dll
 0002:00006af0       _guard_dispatch_icall_nop  0000000140017af0 f   MSVCRTD:guard_dispatch.obj
 0002:00006b10       _guard_xfg_dispatch_icall_nop 0000000140017b10 f   MSVCRTD:guard_xfg_dispatch.obj
 0003:00000000       __xc_a                     000000014001a000     MSVCRTD:initializers.obj
 0003:00000220       __xc_z                     000000014001a220     MSVCRTD:initializers.obj
 0003:00000330       __xi_a                     000000014001a330     MSVCRTD:initializers.obj
 0003:00000660       __xi_z                     000000014001a660     MSVCRTD:initializers.obj
 0003:00000770       __xp_a                     000000014001a770     MSVCRTD:initializers.obj
 0003:00000880       __xp_z                     000000014001a880     MSVCRTD:initializers.obj
 0003:00000990       __xt_a                     000000014001a990     MSVCRTD:initializers.obj
 0003:00000aa0       __xt_z                     000000014001aaa0     MSVCRTD:initializers.obj
 0003:00000c10       ??_C@_0BF@DJHPFGCM@In?5extern?5C?5Print?4?4?4@ 000000014001ac10     Function_Overloading_Func.obj
 0003:00000c28       __real@4008cccccccccccd    000000014001ac28     Function_Overloading.obj
 0003:00000c38       __real@4018cccccccccccd    000000014001ac38     Function_Overloading.obj
 0003:00000cc8       ??_C@_0M@KBIDEGFM@In?5Print?4?4?4@ 000000014001acc8     Function_Overloading_Func.obj
 0003:00000de0       ??_C@_0NN@JMPELKLB@The?5value?5of?5ESP?5was?5not?5proper@ 000000014001ade0     MSVCRTD:error.obj
 0003:00000ef0       ??_C@_0BBN@ELNNILBE@A?5cast?5to?5a?5smaller?5data?5type?5h@ 000000014001aef0     MSVCRTD:error.obj
 0003:00001048       ??_C@_0BN@BPOGFMJL@Stack?5memory?5was?5corrupted?$AN?6@ 000000014001b048     MSVCRTD:error.obj
 0003:00001070       ??_C@_0DG@DAJCDLPN@A?5local?5variable?5was?5used?5befor@ 000000014001b070     MSVCRTD:error.obj
 0003:000010b0       ??_C@_0CM@JMIDGKLA@Stack?5memory?5around?5_alloca?5was@ 000000014001b0b0     MSVCRTD:error.obj
 0003:000010e8       ??_C@_0BO@CHIONIOI@Unknown?5Runtime?5Check?5Error?$AN?6@ 000000014001b0e8     MSVCRTD:error.obj
 0003:00001110       ??_C@_1GM@CNOOJIHC@?$AAR?$AAu?$AAn?$AAt?$AAi?$AAm?$AAe?$AA?5?$AAC?$AAh?$AAe?$AAc?$AAk?$AA?5?$AAE@ 000000014001b110     MSVCRTD:error.obj
 0003:000011a0       ??_C@_1EA@NFKNIFJP@?$AAR?$AAu?$AAn?$AA?9?$AAT?$AAi?$AAm?$AAe?$AA?5?$AAC?$AAh?$AAe?$AAc?$AAk?$AA?5@ 000000014001b1a0     MSVCRTD:error.obj
 0003:000011f0       ??_C@_0BB@PFFGGCJP@Unknown?5Filename@ 000000014001b1f0     MSVCRTD:error.obj
 0003:00001208       ??_C@_0BE@GNBOBNCK@Unknown?5Module?5Name@ 000000014001b208     MSVCRTD:error.obj
 0003:00001220       ??_C@_0CA@IODNCDPG@Run?9Time?5Check?5Failure?5?$CD?$CFd?5?9?5?$CFs@ 000000014001b220     MSVCRTD:error.obj
 0003:00001248       ??_C@_0CG@IAFNJNEE@Stack?5corrupted?5near?5unknown?5va@ 000000014001b248     MSVCRTD:error.obj
 0003:00001278       ??_C@_05MKKEDADM@?$CF?42X?5@ 000000014001b278     MSVCRTD:error.obj
 0003:00001280       ??_C@_0EJ@LJKNEOLN@Stack?5area?5around?5_alloca?5memor@ 000000014001b280     MSVCRTD:error.obj
 0003:000012d8       ??_C@_01EEMJAFIK@?6@       000000014001b2d8     MSVCRTD:error.obj
 0003:000012dc       ??_C@_02LLMPMKNF@?$DO?5@   000000014001b2dc     MSVCRTD:error.obj
 0003:000012e0       ??_C@_08OMAHNMHJ@?6Data?3?5?$DM@ 000000014001b2e0     MSVCRTD:error.obj
 0003:000012f0       ??_C@_0CK@DKGBICFE@?6Allocation?5number?5within?5this?5@ 000000014001b2f0     MSVCRTD:error.obj
 0003:00001328       ??_C@_07DFDJCKFN@?6Size?3?5@ 000000014001b328     MSVCRTD:error.obj
 0003:00001338       ??_C@_0N@MHFFIMFG@?6Address?3?50x@ 000000014001b338     MSVCRTD:error.obj
 0003:00001350       ??_C@_0EI@CLEPFNGI@Stack?5area?5around?5_alloca?5memor@ 000000014001b350     MSVCRTD:error.obj
 0003:000013a8       ??_C@_0BK@ODNDAGKB@?$CFs?$CFs?$CFp?$CFs?$CFzd?$CFs?$CFd?$CFs?$CFs?$CFs?$CFs?$CFs@ 000000014001b3a8     MSVCRTD:error.obj
 0003:000013c8       ??_C@_0DE@OHJBPMBP@A?5variable?5is?5being?5used?5withou@ 000000014001b3c8     MSVCRTD:error.obj
 0003:00001438       ??_C@_0BJ@HEGAHDFO@Stack?5pointer?5corruption@ 000000014001b438     MSVCRTD:userapi.obj
 0003:00001458       ??_C@_0CK@FEGOIOPB@Cast?5to?5smaller?5type?5causing?5lo@ 000000014001b458     MSVCRTD:userapi.obj
 0003:00001490       ??_C@_0BI@CIGMDCBH@Stack?5memory?5corruption@ 000000014001b490     MSVCRTD:userapi.obj
 0003:000014b0       ??_C@_0CK@CNLNOEPB@Local?5variable?5used?5before?5init@ 000000014001b4b0     MSVCRTD:userapi.obj
 0003:000014e8       ??_C@_0BP@OGBCLIBO@Stack?5around?5_alloca?5corrupted@ 000000014001b4e8     MSVCRTD:userapi.obj
 0003:00001580       ??_C@_1EI@MLPKHBGE@?$AAa?$AAp?$AAi?$AA?9?$AAm?$AAs?$AA?9?$AAw?$AAi?$AAn?$AA?9?$AAc?$AAo?$AAr?$AAe@ 000000014001b580     MSVCRTD:pdblkup.obj
 0003:000015d8       ??_C@_1BK@JHLNAEJL@?$AAa?$AAd?$AAv?$AAa?$AAp?$AAi?$AA3?$AA2?$AA?4?$AAd?$AAl?$AAl@ 000000014001b5d8     MSVCRTD:pdblkup.obj
 0003:000015f8       ??_C@_0O@COHOBMLB@RegOpenKeyExW@ 000000014001b5f8     MSVCRTD:pdblkup.obj
 0003:00001608       ??_C@_0BB@GLNAEDBD@RegQueryValueExW@ 000000014001b608     MSVCRTD:pdblkup.obj
 0003:00001620       ??_C@_0M@HLOHPNFA@RegCloseKey@ 000000014001b620     MSVCRTD:pdblkup.obj
 0003:00001630       ??_C@_1HE@EBEAGLFB@?$AAS?$AAO?$AAF?$AAT?$AAW?$AAA?$AAR?$AAE?$AA?2?$AAW?$AAo?$AAw?$AA6?$AA4?$AA3@ 000000014001b630     MSVCRTD:pdblkup.obj
 0003:000016c0       ??_C@_1BG@EABPBLLF@?$AAP?$AAr?$AAo?$AAd?$AAu?$AAc?$AAt?$AAD?$AAi?$AAr@ 000000014001b6c0     MSVCRTD:pdblkup.obj
 0003:00001708       ??_C@_1BC@JINFINNJ@?$AAM?$AAS?$AAP?$AAD?$AAB?$AA1?$AA4?$AA0@ 000000014001b708     MSVCRTD:pdblkup.obj
 0003:00001720       ??_C@_0BB@KCIACLNC@PDBOpenValidate5@ 000000014001b720     MSVCRTD:pdblkup.obj
 0003:00001734       ??_C@_01KDCPPGHE@r@        000000014001b734     MSVCRTD:pdblkup.obj
 0003:00001750       _load_config_used          000000014001b750     MSVCRTD:loadcfg.obj
 0003:00001a80       __CastGuardVftablesStart   000000014001ba80     MSVCRTD:guard_support.obj
 0003:00001c80       __CastGuardVftablesEnd     000000014001bc80     MSVCRTD:guard_support.obj
 0003:00001fc0       __rtc_iaa                  000000014001bfc0     MSVCRTD:initsect.obj
 0003:000021f0       __rtc_izz                  000000014001c1f0     MSVCRTD:initsect.obj
 0003:00002300       __rtc_taa                  000000014001c300     MSVCRTD:initsect.obj
 0003:00002530       __rtc_tzz                  000000014001c530     MSVCRTD:initsect.obj
 0004:00000000       _fltused                   000000014001e000     MSVCRTD:fltused.obj
 0004:00000008       ?_RTC_ErrorLevels@@3PAHA   000000014001e008     MSVCRTD:error.obj
 0004:00000020       __scrt_native_dllmain_reason 000000014001e020     MSVCRTD:utility.obj
 0004:00000024       __scrt_default_matherr     000000014001e024     MSVCRTD:matherr.obj
 0004:00000030       __security_cookie_complement 000000014001e030     MSVCRTD:gs_cookie.obj
 0004:00000038       __security_cookie          000000014001e038     MSVCRTD:gs_cookie.obj
 0004:00000048       __isa_available            000000014001e048     MSVCRTD:cpu_disp.obj
 0004:0000004c       __isa_enabled              000000014001e04c     MSVCRTD:cpu_disp.obj
 0004:00000050       __memset_fast_string_threshold 000000014001e050     MSVCRTD:cpu_disp.obj
 0004:00000058       __memset_nt_threshold      000000014001e058     MSVCRTD:cpu_disp.obj
 0004:00000070       __scrt_ucrt_dll_is_in_use  000000014001e070     MSVCRTD:ucrt_stubs.obj
 0004:00000188       ?_OptionsStorage@?1??__local_stdio_printf_options@@9@4_KA 000000014001e188     MSVCRTD:error.obj
 0004:000001b0       __scrt_current_native_startup_state 000000014001e1b0     MSVCRTD:utility.obj
 0004:000001b8       __scrt_native_startup_lock 000000014001e1b8     MSVCRTD:utility.obj
 0004:00000210       ?__type_info_root_node@@3U__type_info_node@@A 000000014001e210     MSVCRTD:tncleanup.obj
 0004:00000228       ?_OptionsStorage@?1??__local_stdio_scanf_options@@9@4_KA 000000014001e228     MSVCRTD:default_local_stdio_options.obj
 0004:00000234       __scrt_debugger_hook_flag  000000014001e234     MSVCRTD:utility_desktop.obj
 0004:00000238       __castguard_check_failure_user_handled_fptr 000000014001e238     MSVCRTD:guard_support.obj
 0004:00000254       __favor                    000000014001e254     MSVCRTD:cpu_disp.obj
 0004:000008e8       __dyn_tls_dtor_callback    000000014001e8e8     <common>
 0004:00000900       __dyn_tls_init_callback    000000014001e900     <common>
 0004:00000914       __DebuggerCurrentSteppingThreadId 000000014001e914     <common>
 0006:00000000       __imp_GetCurrentThreadId   0000000140022000     kernel32:KERNEL32.dll
 0006:00000008       __imp_RtlLookupFunctionEntry 0000000140022008     kernel32:KERNEL32.dll
 0006:00000010       __imp_RtlVirtualUnwind     0000000140022010     kernel32:KERNEL32.dll
 0006:00000018       __imp_UnhandledExceptionFilter 0000000140022018     kernel32:KERNEL32.dll
 0006:00000020       __imp_SetUnhandledExceptionFilter 0000000140022020     kernel32:KERNEL32.dll
 0006:00000028       __imp_GetStartupInfoW      0000000140022028     kernel32:KERNEL32.dll
 0006:00000030       __imp_IsProcessorFeaturePresent 0000000140022030     kernel32:KERNEL32.dll
 0006:00000038       __imp_GetModuleHandleW     0000000140022038     kernel32:KERNEL32.dll
 0006:00000040       __imp_GetLastError         0000000140022040     kernel32:KERNEL32.dll
 0006:00000048       __imp_HeapAlloc            0000000140022048     kernel32:KERNEL32.dll
 0006:00000050       __imp_HeapFree             0000000140022050     kernel32:KERNEL32.dll
 0006:00000058       __imp_GetProcessHeap       0000000140022058     kernel32:KERNEL32.dll
 0006:00000060       __imp_VirtualQuery         0000000140022060     kernel32:KERNEL32.dll
 0006:00000068       __imp_FreeLibrary          0000000140022068     kernel32:KERNEL32.dll
 0006:00000070       __imp_GetProcAddress       0000000140022070     kernel32:KERNEL32.dll
 0006:00000078       __imp_GetCurrentProcess    0000000140022078     kernel32:KERNEL32.dll
 0006:00000080       __imp_TerminateProcess     0000000140022080     kernel32:KERNEL32.dll
 0006:00000088       __imp_InitializeSListHead  0000000140022088     kernel32:KERNEL32.dll
 0006:00000090       __imp_IsDebuggerPresent    0000000140022090     kernel32:KERNEL32.dll
 0006:00000098       __imp_GetSystemTimeAsFileTime 0000000140022098     kernel32:KERNEL32.dll
 0006:000000a0       __imp_RaiseException       00000001400220a0     kernel32:KERNEL32.dll
 0006:000000a8       __imp_MultiByteToWideChar  00000001400220a8     kernel32:KERNEL32.dll
 0006:000000b0       __imp_WideCharToMultiByte  00000001400220b0     kernel32:KERNEL32.dll
 0006:000000b8       __imp_QueryPerformanceCounter 00000001400220b8     kernel32:KERNEL32.dll
 0006:000000c0       __imp_GetCurrentProcessId  00000001400220c0     kernel32:KERNEL32.dll
 0006:000000c8       __imp_RtlCaptureContext    00000001400220c8     kernel32:KERNEL32.dll
 0006:000000d0       \177KERNEL32_NULL_THUNK_DATA 00000001400220d0     kernel32:KERNEL32.dll
 0006:00000150       __imp_?widen@?$basic_ios@DU?$char_traits@D@std@@@std@@QEBADD@Z 0000000140022150     msvcprtd:MSVCP140D.dll
 0006:00000158       __imp_?fill@?$basic_ios@DU?$char_traits@D@std@@@std@@QEBADXZ 0000000140022158     msvcprtd:MSVCP140D.dll
 0006:00000160       __imp_?rdbuf@?$basic_ios@DU?$char_traits@D@std@@@std@@QEBAPEAV?$basic_streambuf@DU?$char_traits@D@std@@@2@XZ 0000000140022160     msvcprtd:MSVCP140D.dll
 0006:00000168       __imp_?tie@?$basic_ios@DU?$char_traits@D@std@@@std@@QEBAPEAV?$basic_ostream@DU?$char_traits@D@std@@@2@XZ 0000000140022168     msvcprtd:MSVCP140D.dll
 0006:00000170       __imp_?setstate@?$basic_ios@DU?$char_traits@D@std@@@std@@QEAAXH_N@Z 0000000140022170     msvcprtd:MSVCP140D.dll
 0006:00000178       __imp_?sputn@?$basic_streambuf@DU?$char_traits@D@std@@@std@@QEAA_JPEBD_J@Z 0000000140022178     msvcprtd:MSVCP140D.dll
 0006:00000180       __imp_?sputc@?$basic_streambuf@DU?$char_traits@D@std@@@std@@QEAAHD@Z 0000000140022180     msvcprtd:MSVCP140D.dll
 0006:00000188       __imp_?width@ios_base@std@@QEAA_J_J@Z 0000000140022188     msvcprtd:MSVCP140D.dll
 0006:00000190       __imp_?_Osfx@?$basic_ostream@DU?$char_traits@D@std@@@std@@QEAAXXZ 0000000140022190     msvcprtd:MSVCP140D.dll
 0006:00000198       __imp_?flags@ios_base@std@@QEBAHXZ 0000000140022198     msvcprtd:MSVCP140D.dll
 0006:000001a0       __imp_?good@ios_base@std@@QEBA_NXZ 00000001400221a0     msvcprtd:MSVCP140D.dll
 0006:000001a8       __imp_?uncaught_exception@std@@YA_NXZ 00000001400221a8     msvcprtd:MSVCP140D.dll
 0006:000001b0       __imp_?cout@std@@3V?$basic_ostream@DU?$char_traits@D@std@@@1@A 00000001400221b0     msvcprtd:MSVCP140D.dll
 0006:000001b8       __imp_?flush@?$basic_ostream@DU?$char_traits@D@std@@@std@@QEAAAEAV12@XZ 00000001400221b8     msvcprtd:MSVCP140D.dll
 0006:000001c0       __imp_?put@?$basic_ostream@DU?$char_traits@D@std@@@std@@QEAAAEAV12@D@Z 00000001400221c0     msvcprtd:MSVCP140D.dll
 0006:000001c8       __imp_??6?$basic_ostream@DU?$char_traits@D@std@@@std@@QEAAAEAV01@H@Z 00000001400221c8     msvcprtd:MSVCP140D.dll
 0006:000001d0       __imp_??6?$basic_ostream@DU?$char_traits@D@std@@@std@@QEAAAEAV01@P6AAEAV01@AEAV01@@Z@Z 00000001400221d0     msvcprtd:MSVCP140D.dll
 0006:000001d8       __imp_?width@ios_base@std@@QEBA_JXZ 00000001400221d8     msvcprtd:MSVCP140D.dll
 0006:000001e0       \177MSVCP140D_NULL_THUNK_DATA 00000001400221e0     msvcprtd:MSVCP140D.dll
 0006:00000250       __imp___vcrt_GetModuleFileNameW 0000000140022250     vcruntimed:VCRUNTIME140D.dll
 0006:00000258       __imp_memcpy               0000000140022258     vcruntimed:VCRUNTIME140D.dll
 0006:00000260       __imp___current_exception_context 0000000140022260     vcruntimed:VCRUNTIME140D.dll
 0006:00000268       __imp___current_exception  0000000140022268     vcruntimed:VCRUNTIME140D.dll
 0006:00000270       __imp___std_type_info_destroy_list 0000000140022270     vcruntimed:VCRUNTIME140D.dll
 0006:00000278       __imp___C_specific_handler_noexcept 0000000140022278     vcruntimed:VCRUNTIME140D.dll
 0006:00000280       __imp___C_specific_handler 0000000140022280     vcruntimed:VCRUNTIME140D.dll
 0006:00000288       __imp___vcrt_GetModuleHandleW 0000000140022288     vcruntimed:VCRUNTIME140D.dll
 0006:00000290       __imp___vcrt_LoadLibraryExW 0000000140022290     vcruntimed:VCRUNTIME140D.dll
 0006:00000298       \177VCRUNTIME140D_NULL_THUNK_DATA 0000000140022298     vcruntimed:VCRUNTIME140D.dll
 0006:000002f8       __imp___CxxFrameHandler4   00000001400222f8     vcruntimed:VCRUNTIME140_1D.dll
 0006:00000300       \177VCRUNTIME140_1D_NULL_THUNK_DATA 0000000140022300     vcruntimed:VCRUNTIME140_1D.dll
 0006:00000358       __imp__execute_onexit_table 0000000140022358     ucrtd:ucrtbased.dll
 0006:00000360       __imp__crt_atexit          0000000140022360     ucrtd:ucrtbased.dll
 0006:00000368       __imp__crt_at_quick_exit   0000000140022368     ucrtd:ucrtbased.dll
 0006:00000370       __imp_terminate            0000000140022370     ucrtd:ucrtbased.dll
 0006:00000378       __imp__wmakepath_s         0000000140022378     ucrtd:ucrtbased.dll
 0006:00000380       __imp__wsplitpath_s        0000000140022380     ucrtd:ucrtbased.dll
 0006:00000388       __imp_wcscpy_s             0000000140022388     ucrtd:ucrtbased.dll
 0006:00000390       __imp__register_onexit_function 0000000140022390     ucrtd:ucrtbased.dll
 0006:00000398       __imp___stdio_common_vsprintf_s 0000000140022398     ucrtd:ucrtbased.dll
 0006:000003a0       __imp_strcat_s             00000001400223a0     ucrtd:ucrtbased.dll
 0006:000003a8       __imp_strcpy_s             00000001400223a8     ucrtd:ucrtbased.dll
 0006:000003b0       __imp___p__commode         00000001400223b0     ucrtd:ucrtbased.dll
 0006:000003b8       __imp__set_new_mode        00000001400223b8     ucrtd:ucrtbased.dll
 0006:000003c0       __imp__configthreadlocale  00000001400223c0     ucrtd:ucrtbased.dll
 0006:000003c8       __imp__register_thread_local_exe_atexit_callback 00000001400223c8     ucrtd:ucrtbased.dll
 0006:000003d0       __imp__initialize_onexit_table 00000001400223d0     ucrtd:ucrtbased.dll
 0006:000003d8       __imp___p___argv           00000001400223d8     ucrtd:ucrtbased.dll
 0006:000003e0       __imp___p___argc           00000001400223e0     ucrtd:ucrtbased.dll
 0006:000003e8       __imp__set_fmode           00000001400223e8     ucrtd:ucrtbased.dll
 0006:000003f0       __imp__exit                00000001400223f0     ucrtd:ucrtbased.dll
 0006:000003f8       __imp_exit                 00000001400223f8     ucrtd:ucrtbased.dll
 0006:00000400       __imp__initterm_e          0000000140022400     ucrtd:ucrtbased.dll
 0006:00000408       __imp__initterm            0000000140022408     ucrtd:ucrtbased.dll
 0006:00000410       __imp__get_initial_narrow_environment 0000000140022410     ucrtd:ucrtbased.dll
 0006:00000418       __imp__initialize_narrow_environment 0000000140022418     ucrtd:ucrtbased.dll
 0006:00000420       __imp__configure_narrow_argv 0000000140022420     ucrtd:ucrtbased.dll
 0006:00000428       __imp___setusermatherr     0000000140022428     ucrtd:ucrtbased.dll
 0006:00000430       __imp__set_app_type        0000000140022430     ucrtd:ucrtbased.dll
 0006:00000438       __imp__seh_filter_exe      0000000140022438     ucrtd:ucrtbased.dll
 0006:00000440       __imp__CrtDbgReportW       0000000140022440     ucrtd:ucrtbased.dll
 0006:00000448       __imp__CrtDbgReport        0000000140022448     ucrtd:ucrtbased.dll
 0006:00000450       __imp_strlen               0000000140022450     ucrtd:ucrtbased.dll
 0006:00000458       __imp__cexit               0000000140022458     ucrtd:ucrtbased.dll
 0006:00000460       __imp__seh_filter_dll      0000000140022460     ucrtd:ucrtbased.dll
 0006:00000468       __imp__c_exit              0000000140022468     ucrtd:ucrtbased.dll
 0006:00000470       \177ucrtbased_NULL_THUNK_DATA 0000000140022470     ucrtd:ucrtbased.dll
 0006:00000500       __IMPORT_DESCRIPTOR_MSVCP140D 0000000140022500     msvcprtd:MSVCP140D.dll
 0006:00000514       __IMPORT_DESCRIPTOR_VCRUNTIME140_1D 0000000140022514     vcruntimed:VCRUNTIME140_1D.dll
 0006:00000528       __IMPORT_DESCRIPTOR_VCRUNTIME140D 0000000140022528     vcruntimed:VCRUNTIME140D.dll
 0006:0000053c       __IMPORT_DESCRIPTOR_ucrtbased 000000014002253c     ucrtd:ucrtbased.dll
 0006:00000550       __IMPORT_DESCRIPTOR_KERNEL32 0000000140022550     kernel32:KERNEL32.dll
 0006:00000564       __NULL_IMPORT_DESCRIPTOR   0000000140022564     msvcprtd:MSVCP140D.dll
 0008:00000000       __guard_check_icall_fptr   0000000140025000     MSVCRTD:guard_support.obj
 0008:00000010       __guard_xfg_check_icall_fptr 0000000140025010     MSVCRTD:guard_support.obj
 0008:00000020       __guard_dispatch_icall_fptr 0000000140025020     MSVCRTD:guard_support.obj
 0008:00000030       __guard_xfg_dispatch_icall_fptr 0000000140025030     MSVCRTD:guard_support.obj
 0008:00000040       __guard_xfg_table_dispatch_icall_fptr 0000000140025040     MSVCRTD:guard_support.obj
 0008:00000050       __castguard_check_failure_os_handled_fptr 0000000140025050     MSVCRTD:guard_support.obj
 0008:00000060       __guard_memcpy_fptr        0000000140025060     vcruntimed:softmemtag.obj

 entry point at        0002:000002ee

 Static symbols

 0003:fffe6000       $unwind$??$endl@DU?$char_traits@D@std@@@std@@YAAEAV?$basic_ostream@DU?$char_traits@D@std@@@0@AEAV10@@Z 0000000140000000     Function_Overloading_Func.obj
 0003:fffe6000       $unwind$?__empty_global_delete@@YAXPEAX@Z 0000000140000000     Function_Overloading_Func.obj
 0003:fffe6000       $unwind$?__empty_global_delete@@YAXPEAX_K@Z 0000000140000000     Function_Overloading_Func.obj
 0000:00000000       _volmd                     0000000140000000     Function_Overloading_Func.obj
 0000:00000000       _volmd                     0000000140000000     Function_Overloading_Func.obj
 0000:00000000       _volmd                     0000000140000000     Function_Overloading_Func.obj
 0000:fffd8000       .debug$S                   0000000140000000     ucrtd:ucrtbased.dll
 0000:fffd8000       .debug$S                   0000000140000000     ucrtd:ucrtbased.dll
 0000:fffd8000       .debug$S                   0000000140000000     ucrtd:ucrtbased.dll
 0000:fffd8000       .debug$S                   0000000140000000     ucrtd:ucrtbased.dll
 0000:fffd8000       .debug$S                   0000000140000000     ucrtd:ucrtbased.dll
 0000:fffd8000       .debug$S                   0000000140000000     ucrtd:ucrtbased.dll
 0000:fffd8000       .debug$S                   0000000140000000     ucrtd:ucrtbased.dll
 0000:fffd8000       .debug$S                   0000000140000000     ucrtd:ucrtbased.dll
 0000:fffd8000       .debug$S                   0000000140000000     ucrtd:ucrtbased.dll
 0000:fffd8000       .debug$S                   0000000140000000     ucrtd:ucrtbased.dll
 0000:fffd8000       .debug$S                   0000000140000000     ucrtd:ucrtbased.dll
 0000:fffd8000       .debug$S                   0000000140000000     ucrtd:ucrtbased.dll
 0000:fffd8000       .debug$S                   0000000140000000     ucrtd:ucrtbased.dll
 0000:fffd8000       .debug$S                   0000000140000000     ucrtd:ucrtbased.dll
 0000:fffd8000       .debug$S                   0000000140000000     ucrtd:ucrtbased.dll
 0000:fffd8000       .debug$S                   0000000140000000     ucrtd:ucrtbased.dll
 0000:fffd8000       .debug$S                   0000000140000000     ucrtd:ucrtbased.dll
 0000:fffd8000       .debug$S                   0000000140000000     ucrtd:ucrtbased.dll
 0000:fffd8000       .debug$S                   0000000140000000     ucrtd:ucrtbased.dll
 0000:fffd8000       .debug$S                   0000000140000000     ucrtd:ucrtbased.dll
 0000:fffd8000       .debug$S                   0000000140000000     ucrtd:ucrtbased.dll
 0000:fffd8000       .debug$S                   0000000140000000     ucrtd:ucrtbased.dll
 0000:fffd8000       .debug$S                   0000000140000000     ucrtd:ucrtbased.dll
 0000:fffd8000       .debug$S                   0000000140000000     ucrtd:ucrtbased.dll
 0000:fffd8000       .debug$S                   0000000140000000     ucrtd:ucrtbased.dll
 0000:fffd8000       .debug$S                   0000000140000000     ucrtd:ucrtbased.dll
 0000:fffd8000       .debug$S                   0000000140000000     ucrtd:ucrtbased.dll
 0000:fffd8000       .debug$S                   0000000140000000     ucrtd:ucrtbased.dll
 0000:fffd8000       .debug$S                   0000000140000000     ucrtd:ucrtbased.dll
 0000:fffd8000       .debug$S                   0000000140000000     ucrtd:ucrtbased.dll
 0000:fffd8000       .debug$S                   0000000140000000     ucrtd:ucrtbased.dll
 0000:fffd8000       .debug$S                   0000000140000000     ucrtd:ucrtbased.dll
 0000:fffd8000       .debug$S                   0000000140000000     ucrtd:ucrtbased.dll
 0000:fffd8000       .debug$S                   0000000140000000     ucrtd:ucrtbased.dll
 0000:fffd8000       .debug$S                   0000000140000000     ucrtd:ucrtbased.dll
 0000:fffd8000       .debug$S                   0000000140000000     kernel32:KERNEL32.dll
 0000:fffd8000       .debug$S                   0000000140000000     kernel32:KERNEL32.dll
 0000:fffd8000       .debug$S                   0000000140000000     kernel32:KERNEL32.dll
 0000:fffd8000       .debug$S                   0000000140000000     kernel32:KERNEL32.dll
 0000:fffd8000       .debug$S                   0000000140000000     kernel32:KERNEL32.dll
 0000:fffd8000       .debug$S                   0000000140000000     kernel32:KERNEL32.dll
 0000:fffd8000       .debug$S                   0000000140000000     kernel32:KERNEL32.dll
 0000:fffd8000       .debug$S                   0000000140000000     kernel32:KERNEL32.dll
 0000:fffd8000       .debug$S                   0000000140000000     kernel32:KERNEL32.dll
 0000:fffd8000       .debug$S                   0000000140000000     kernel32:KERNEL32.dll
 0000:fffd8000       .debug$S                   0000000140000000     kernel32:KERNEL32.dll
 0000:fffd8000       .debug$S                   0000000140000000     kernel32:KERNEL32.dll
 0000:fffd8000       .debug$S                   0000000140000000     kernel32:KERNEL32.dll
 0000:fffd8000       .debug$S                   0000000140000000     kernel32:KERNEL32.dll
 0000:fffd8000       .debug$S                   0000000140000000     kernel32:KERNEL32.dll
 0000:fffd8000       .debug$S                   0000000140000000     kernel32:KERNEL32.dll
 0000:fffd8000       .debug$S                   0000000140000000     kernel32:KERNEL32.dll
 0000:fffd8000       .debug$S                   0000000140000000     kernel32:KERNEL32.dll
 0000:fffd8000       .debug$S                   0000000140000000     kernel32:KERNEL32.dll
 0000:fffd8000       .debug$S                   0000000140000000     kernel32:KERNEL32.dll
 0000:fffd8000       .debug$S                   0000000140000000     kernel32:KERNEL32.dll
 0000:fffd8000       .debug$S                   0000000140000000     kernel32:KERNEL32.dll
 0000:fffd8000       .debug$S                   0000000140000000     kernel32:KERNEL32.dll
 0000:fffd8000       .debug$S                   0000000140000000     kernel32:KERNEL32.dll
 0000:fffd8000       .debug$S                   0000000140000000     kernel32:KERNEL32.dll
 0000:fffd8000       .debug$S                   0000000140000000     kernel32:KERNEL32.dll
 0000:00000000       _volmd                     0000000140000000     MSVCRTD:cpu_disp.obj
 0000:fffdc000       __guard_ehcont_?notify_debugger@@YAXAEBUtagEXCEPTION_VISUALCPP_DEBUG_INFO@@@Z 0000000140000000     MSVCRTD:error.obj
 0000:fffdc000       __guard_ehcont_?__scrt_common_main_seh@@YAHXZ 0000000140000000     MSVCRTD:exe_main.obj
 0000:fffdc000       __guard_fids_?pre_c_initialization@@YAHXZ 0000000140000000     MSVCRTD:exe_main.obj
 0000:fffdc000       __guard_fids__             0000000140000000     MSVCRTD:exe_main.obj
 0000:00000000       _volmd                     0000000140000000     MSVCRTD:gs_report.obj
 0000:00000000       _volmd                     0000000140000000     MSVCRTD:gs_report.obj
 0000:00000000       _volmd                     0000000140000000     MSVCRTD:gs_report.obj
 0000:fffdc000       __guard_fids__             0000000140000000     MSVCRTD:guard_support.obj
 0000:fffdc000       __guard_fids__             0000000140000000     MSVCRTD:guard_support.obj
 0000:fffdc000       __guard_fids__guard_icall_checks_enforced 0000000140000000     MSVCRTD:guard_support.obj
 0000:00000000       _volmd                     0000000140000000     MSVCRTD:guard_support.obj
 0000:00000000       _volmd                     0000000140000000     MSVCRTD:guard_support.obj
 0000:00000000       _volmd                     0000000140000000     MSVCRTD:guard_support.obj
 0000:00000000       _volmd                     0000000140000000     MSVCRTD:guard_support.obj
 0000:fffdc000       __guard_fids__CRT_RTC_INIT 0000000140000000     MSVCRTD:init.obj
 0000:fffdc000       __guard_fids__CRT_RTC_INITW 0000000140000000     MSVCRTD:init.obj
 0003:fffe6000       $unwind$?configure_argv@__scrt_narrow_argv_policy@@SAHXZ 0000000140000000     MSVCRTD:utility.obj
 0003:fffe6000       $unwind$?initialize_environment@__scrt_narrow_environment_policy@@SAHXZ 0000000140000000     MSVCRTD:utility.obj
 0000:fffdc000       __guard_ehcont___scrt_is_nonwritable_in_current_image 0000000140000000     MSVCRTD:utility.obj
 0000:00000000       _volmd                     0000000140000000     MSVCRTD:utility.obj
 0000:00000000       _volmd                     0000000140000000     MSVCRTD:utility.obj
 0000:00000000       _volmd                     0000000140000000     MSVCRTD:utility.obj
 0000:fffdc000       __guard_fids___scrt_set_unhandled_exception_filter 0000000140000000     MSVCRTD:utility_desktop.obj
 0000:00000000       _volmd                     0000000140000000     MSVCRTD:utility_desktop.obj
 0000:fffd8000       .debug$S                   0000000140000000     msvcprtd:MSVCP140D.dll
 0000:fffd8000       .debug$S                   0000000140000000     msvcprtd:MSVCP140D.dll
 0000:fffd8000       .debug$S                   0000000140000000     msvcprtd:MSVCP140D.dll
 0000:fffd8000       .debug$S                   0000000140000000     msvcprtd:MSVCP140D.dll
 0000:fffd8000       .debug$S                   0000000140000000     msvcprtd:MSVCP140D.dll
 0000:fffd8000       .debug$S                   0000000140000000     msvcprtd:MSVCP140D.dll
 0000:fffd8000       .debug$S                   0000000140000000     msvcprtd:MSVCP140D.dll
 0000:fffd8000       .debug$S                   0000000140000000     msvcprtd:MSVCP140D.dll
 0000:fffd8000       .debug$S                   0000000140000000     msvcprtd:MSVCP140D.dll
 0000:fffd8000       .debug$S                   0000000140000000     msvcprtd:MSVCP140D.dll
 0000:fffd8000       .debug$S                   0000000140000000     msvcprtd:MSVCP140D.dll
 0000:fffd8000       .debug$S                   0000000140000000     msvcprtd:MSVCP140D.dll
 0000:fffd8000       .debug$S                   0000000140000000     msvcprtd:MSVCP140D.dll
 0000:fffd8000       .debug$S                   0000000140000000     msvcprtd:MSVCP140D.dll
 0000:fffd8000       .debug$S                   0000000140000000     msvcprtd:MSVCP140D.dll
 0000:fffd8000       .debug$S                   0000000140000000     msvcprtd:MSVCP140D.dll
 0000:fffd8000       .debug$S                   0000000140000000     msvcprtd:MSVCP140D.dll
 0000:fffd8000       .debug$S                   0000000140000000     msvcprtd:MSVCP140D.dll
 0000:fffdc000       __guard_fids__             0000000140000000     vcruntimed:softmemtag.obj
 0000:fffd8000       .debug$S                   0000000140000000     vcruntimed:VCRUNTIME140D.dll
 0000:fffd8000       .debug$S                   0000000140000000     vcruntimed:VCRUNTIME140D.dll
 0000:fffd8000       .debug$S                   0000000140000000     vcruntimed:VCRUNTIME140D.dll
 0000:fffd8000       .debug$S                   0000000140000000     vcruntimed:VCRUNTIME140D.dll
 0000:fffd8000       .debug$S                   0000000140000000     vcruntimed:VCRUNTIME140D.dll
 0000:fffd8000       .debug$S                   0000000140000000     vcruntimed:VCRUNTIME140D.dll
 0000:fffd8000       .debug$S                   0000000140000000     vcruntimed:VCRUNTIME140D.dll
 0000:fffd8000       .debug$S                   0000000140000000     vcruntimed:VCRUNTIME140D.dll
 0000:fffd8000       .debug$S                   0000000140000000     vcruntimed:VCRUNTIME140D.dll
 0000:fffd8000       .debug$S                   0000000140000000     vcruntimed:VCRUNTIME140_1D.dll
 0000:fffdc004       __guard_fids__             0000000140000004     MSVCRTD:exe_main.obj
 0000:fffdc008       __guard_fids__             0000000140000008     MSVCRTD:exe_main.obj
 0002:00001930       ?pre_c_initialization@@YAHXZ 0000000140012930 f   MSVCRTD:exe_main.obj
 0002:00001a10       ?post_pgo_initialization@@YAHXZ 0000000140012a10 f   MSVCRTD:exe_main.obj
 0002:00001a30       ?pre_cpp_initialization@@YAXXZ 0000000140012a30 f   MSVCRTD:exe_main.obj
 0002:00001a50       ?__scrt_common_main@@YAHXZ 0000000140012a50 f   MSVCRTD:exe_main.obj
 0002:00001a70       ?__scrt_common_main_seh@@YAHXZ 0000000140012a70 f   MSVCRTD:exe_main.obj
 0002:00001cc0       ?invoke_main@@YAHXZ        0000000140012cc0 f   MSVCRTD:exe_main.obj
 0002:00001da0       ?DebuggerProbe@@YA_NK@Z    0000000140012da0 f   MSVCRTD:error.obj
 0002:00001df0       ?DebuggerRuntime@@YA_NKHPEAXPEB_W@Z 0000000140012df0 f   MSVCRTD:error.obj
 0002:00002180       ?_getMemBlockDataString@@YAXPEAD0PEBD_K@Z 0000000140013180 f   MSVCRTD:error.obj
 0002:00002260       ?_strlen_priv@@YA_KPEBD@Z  0000000140013260 f   MSVCRTD:error.obj
 0002:00002280       ?failwithmessage@@YAXPEAXHHPEBD@Z 0000000140013280 f   MSVCRTD:error.obj
 0002:00002580       ?notify_debugger@@YAXAEBUtagEXCEPTION_VISUALCPP_DEBUG_INFO@@@Z 0000000140013580 f   MSVCRTD:error.obj
 0002:00002830       ?find_pe_section@@YAPEAU_IMAGE_SECTION_HEADER@@QEAE_K@Z 0000000140013830 f   MSVCRTD:utility.obj
 0002:00002930       ?is_potentially_valid_image_base@@YA_NQEAX@Z 0000000140013930 f   MSVCRTD:utility.obj
 0002:00003050       __get_entropy              0000000140014050 f   MSVCRTD:gs_support.obj
 0002:000039b0       __castguard_check_failure_os_handled_wrapper 00000001400149b0 f   MSVCRTD:guard_support.obj
 0002:00003a20       __castguard_check_failure_user_handled_wrapper 0000000140014a20 f   MSVCRTD:guard_support.obj
 0002:00003a70       __castguard_compat_check   0000000140014a70 f   MSVCRTD:guard_support.obj
 0002:00003cc0       __castguard_slow_path_compat_check 0000000140014cc0 f   MSVCRTD:guard_support.obj
 0002:00003db0       ?GetPdbDll@@YAPEAUHINSTANCE__@@XZ 0000000140014db0 f   MSVCRTD:pdblkup.obj
 0002:00003f70       ?GetPdbDllFromInstallPath@@YAPEAUHINSTANCE__@@XZ 0000000140014f70 f   MSVCRTD:pdblkup.obj
 0002:000042d0       ?GetPdbDllPathFromFilePath@@YAHPEB_WPEA_W_K@Z 00000001400152d0 f   MSVCRTD:pdblkup.obj
 0002:00004a60       $$000000                   0000000140015a60     MSVCRTD:amdsecgs.obj
 0002:00005310       capture_current_context    0000000140016310 f   MSVCRTD:gs_report.obj
 0002:000053d0       capture_previous_context   00000001400163d0 f   MSVCRTD:gs_report.obj
 0002:00006ae0       $$000000                   0000000140017ae0     MSVCRTD:guard_dispatch.obj
 0002:00006b00       $$000000                   0000000140017b00     MSVCRTD:guard_xfg_dispatch.obj
 0002:00007b20       ?dtor$0@?0???$?6U?$char_traits@D@std@@@std@@YAAEAV?$basic_ostream@DU?$char_traits@D@std@@@0@AEAV10@PEBD@Z@4HA 0000000140018b20 f   Function_Overloading_Func.obj
 0002:00007b50       ?catch$1@?0???$?6U?$char_traits@D@std@@@std@@YAAEAV?$basic_ostream@DU?$char_traits@D@std@@@0@AEAV10@PEBD@Z@4HA 0000000140018b50 f   Function_Overloading_Func.obj
 0002:00007b64       __catch$??$?6U?$char_traits@D@std@@@std@@YAAEAV?$basic_ostream@DU?$char_traits@D@std@@@0@AEAV10@PEBD@Z$0 0000000140018b64 f   Function_Overloading_Func.obj
 0002:00007bc0       ?dtor$0@?0???0sentry@?$basic_ostream@DU?$char_traits@D@std@@@std@@QEAA@AEAV12@@Z@4HA 0000000140018bc0 f   Function_Overloading_Func.obj
 0002:00007bf0       ?filt$0@?0??__scrt_common_main_seh@@YAHXZ@4HA 0000000140018bf0 f   MSVCRTD:exe_main.obj
 0002:00007c30       ?filt$0@?0??notify_debugger@@YAXAEBUtagEXCEPTION_VISUALCPP_DEBUG_INFO@@@Z@4HA 0000000140018c30 f   MSVCRTD:error.obj
 0002:00007c60       __scrt_is_nonwritable_in_current_image$filt$0 0000000140018c60 f   MSVCRTD:utility.obj
 0003:00000110       ?pre_cpp_initializer@@3P6AXXZEA 000000014001a110     MSVCRTD:exe_main.obj
 0003:00000440       ?pre_c_initializer@@3P6AHXZEA 000000014001a440     MSVCRTD:exe_main.obj
 0003:00000550       ?post_pgo_initializer@@3P6AHXZEA 000000014001a550     MSVCRTD:exe_main.obj
 0003:00000bb0       main$rtcName$0             000000014001abb0     Function_Overloading.obj
 0003:00000bc0       main$rtcVarDesc            000000014001abc0     Function_Overloading.obj
 0003:00000c00       main$rtcFrameData          000000014001ac00     Function_Overloading.obj
 0003:00000c50       ??$?6U?$char_traits@D@std@@@std@@YAAEAV?$basic_ostream@DU?$char_traits@D@std@@@0@AEAV10@PEBD@Z$rtcName$0 000000014001ac50     Function_Overloading_Func.obj
 0003:00000c60       ??$?6U?$char_traits@D@std@@@std@@YAAEAV?$basic_ostream@DU?$char_traits@D@std@@@0@AEAV10@PEBD@Z$rtcVarDesc 000000014001ac60     Function_Overloading_Func.obj
 0003:00000ca0       ??$?6U?$char_traits@D@std@@@std@@YAAEAV?$basic_ostream@DU?$char_traits@D@std@@@0@AEAV10@PEBD@Z$rtcFrameData 000000014001aca0     Function_Overloading_Func.obj
 0003:00000cf8       ?_RTC_ErrorMessages@@3QBQEBDB 000000014001acf8     MSVCRTD:error.obj
 0003:00000d28       ?_RTC_NoFalsePositives@@3QBHB 000000014001ad28     MSVCRTD:error.obj
 0003:00000d40       ?stack_premsg@@3QBDB       000000014001ad40     MSVCRTD:error.obj
 0003:00000d60       ?stack_postmsg@@3QBDB      000000014001ad60     MSVCRTD:error.obj
 0003:00000d78       ?uninit_premsg@@3QBDB      000000014001ad78     MSVCRTD:error.obj
 0003:00000d88       ?uninit_postmsg@@3QBDB     000000014001ad88     MSVCRTD:error.obj
 0003:00001408       ?_RTC_errlist@@3QBQEBDB    000000014001b408     MSVCRTD:userapi.obj
 0003:00001510       ?mspdbName@@3QB_WB         000000014001b510     MSVCRTD:pdblkup.obj
 0003:00001540       ?debugCrtFileName@@3QB_WB  000000014001b540     MSVCRTD:pdblkup.obj
 0003:000016e0       ?dllExt@?1??GetPdbDllPathFromFilePath@@YAHPEB_WPEA_W_K@Z@4QB_WB 000000014001b6e0     MSVCRTD:pdblkup.obj
 0003:000016f0       ?mspdbFilename@?1??GetPdbDllPathFromFilePath@@YAHPEB_WPEA_W_K@Z@4QB_WB 000000014001b6f0     MSVCRTD:pdblkup.obj
 0003:00001738       GS_ExceptionPointers       000000014001b738     MSVCRTD:gs_report.obj
 0003:000020d0       _RTC_InitBase.rtc$IMZ      000000014001c0d0     Function_Overloading.obj
 0003:000020e0       _RTC_InitBase.rtc$IMZ      000000014001c0e0     Function_Overloading_Func.obj
 0003:00002410       _RTC_Shutdown.rtc$TMZ      000000014001c410     Function_Overloading.obj
 0003:00002420       _RTC_Shutdown.rtc$TMZ      000000014001c420     Function_Overloading_Func.obj
 0003:00002640       $unwind$?__empty_global_delete@@YAXPEAX@Z 000000014001c640     Function_Overloading.obj
 0003:00002654       $unwind$?__empty_global_delete@@YAXPEAX_K@Z 000000014001c654     Function_Overloading.obj
 0003:00002668       $unwind$main               000000014001c668     Function_Overloading.obj
 0003:0000267c       $unwind$??$endl@DU?$char_traits@D@std@@@std@@YAAEAV?$basic_ostream@DU?$char_traits@D@std@@@0@AEAV10@@Z 000000014001c67c     Function_Overloading.obj
 0003:00002690       $unwind$?length@?$_Narrow_char_traits@DH@std@@SA_KQEBD@Z 000000014001c690     Function_Overloading_Func.obj
 0003:000026a4       $unwind$?eq_int_type@?$_Narrow_char_traits@DH@std@@SA_NAEBH0@Z 000000014001c6a4     Function_Overloading_Func.obj
 0003:000026b8       $unwind$?eof@?$_Narrow_char_traits@DH@std@@SAHXZ 000000014001c6b8     Function_Overloading_Func.obj
 0003:000026cc       $unwind$?Add@@YAHHH@Z      000000014001c6cc     Function_Overloading_Func.obj
 0003:000026e0       $unwind$?Add@@YANNN@Z      000000014001c6e0     Function_Overloading_Func.obj
 0003:000026f4       $unwind$?Print@@YAXPEBH@Z  000000014001c6f4     Function_Overloading_Func.obj
 0003:00002708       $unwind$??$?6U?$char_traits@D@std@@@std@@YAAEAV?$basic_ostream@DU?$char_traits@D@std@@@0@AEAV10@PEBD@Z 000000014001c708     Function_Overloading_Func.obj
 0003:00002722       $cppxdata$??$?6U?$char_traits@D@std@@@std@@YAAEAV?$basic_ostream@DU?$char_traits@D@std@@@0@AEAV10@PEBD@Z 000000014001c722     Function_Overloading_Func.obj
 0003:00002730       $stateUnwindMap$??$?6U?$char_traits@D@std@@@std@@YAAEAV?$basic_ostream@DU?$char_traits@D@std@@@0@AEAV10@PEBD@Z 000000014001c730     Function_Overloading_Func.obj
 0003:00002738       $tryMap$??$?6U?$char_traits@D@std@@@std@@YAAEAV?$basic_ostream@DU?$char_traits@D@std@@@0@AEAV10@PEBD@Z 000000014001c738     Function_Overloading_Func.obj
 0003:00002740       $handlerMap$??$?6U?$char_traits@D@std@@@std@@YAAEAV?$basic_ostream@DU?$char_traits@D@std@@@0@AEAV10@PEBD@Z 000000014001c740     Function_Overloading_Func.obj
 0003:00002747       $ip2state$??$?6U?$char_traits@D@std@@@std@@YAAEAV?$basic_ostream@DU?$char_traits@D@std@@@0@AEAV10@PEBD@Z 000000014001c747     Function_Overloading_Func.obj
 0003:00002758       $unwind$?dtor$0@?0???$?6U?$char_traits@D@std@@@std@@YAAEAV?$basic_ostream@DU?$char_traits@D@std@@@0@AEAV10@PEBD@Z@4HA 000000014001c758     Function_Overloading_Func.obj
 0003:00002768       $unwind$?catch$1@?0???$?6U?$char_traits@D@std@@@std@@YAAEAV?$basic_ostream@DU?$char_traits@D@std@@@0@AEAV10@PEBD@Z@4HA 000000014001c768     Function_Overloading_Func.obj
 0003:00002778       $unwind$Print              000000014001c778     Function_Overloading_Func.obj
 0003:00002788       $unwind$??0_Sentry_base@?$basic_ostream@DU?$char_traits@D@std@@@std@@QEAA@AEAV12@@Z 000000014001c788     Function_Overloading_Func.obj
 0003:000027a0       $unwind$??1_Sentry_base@?$basic_ostream@DU?$char_traits@D@std@@@std@@QEAA@XZ 000000014001c7a0     Function_Overloading_Func.obj
 0003:000027ba       $cppxdata$??1_Sentry_base@?$basic_ostream@DU?$char_traits@D@std@@@std@@QEAA@XZ 000000014001c7ba     Function_Overloading_Func.obj
 0003:000027bf       $ip2state$??1_Sentry_base@?$basic_ostream@DU?$char_traits@D@std@@@std@@QEAA@XZ 000000014001c7bf     Function_Overloading_Func.obj
 0003:000027c4       $unwind$??0sentry@?$basic_ostream@DU?$char_traits@D@std@@@std@@QEAA@AEAV12@@Z 000000014001c7c4     Function_Overloading_Func.obj
 0003:000027de       $cppxdata$??0sentry@?$basic_ostream@DU?$char_traits@D@std@@@std@@QEAA@AEAV12@@Z 000000014001c7de     Function_Overloading_Func.obj
 0003:000027e7       $stateUnwindMap$??0sentry@?$basic_ostream@DU?$char_traits@D@std@@@std@@QEAA@AEAV12@@Z 000000014001c7e7     Function_Overloading_Func.obj
 0003:000027ed       $ip2state$??0sentry@?$basic_ostream@DU?$char_traits@D@std@@@std@@QEAA@AEAV12@@Z 000000014001c7ed     Function_Overloading_Func.obj
 0003:000027f8       $unwind$?dtor$0@?0???0sentry@?$basic_ostream@DU?$char_traits@D@std@@@std@@QEAA@AEAV12@@Z@4HA 000000014001c7f8     Function_Overloading_Func.obj
 0003:00002808       $unwind$??1sentry@?$basic_ostream@DU?$char_traits@D@std@@@std@@QEAA@XZ 000000014001c808     Function_Overloading_Func.obj
 0003:00002818       $unwind$??Bsentry@?$basic_ostream@DU?$char_traits@D@std@@@std@@QEBA_NXZ 000000014001c818     Function_Overloading_Func.obj
 0003:00002830       $unwind$_RTC_CheckStackVars 000000014001c830     MSVCRTD:stack.obj
 0003:00002844       $chain$0$_RTC_CheckStackVars 000000014001c844     MSVCRTD:stack.obj
 0003:0000285c       $chain$1$_RTC_CheckStackVars 000000014001c85c     MSVCRTD:stack.obj
 0003:00002870       $unwind$_RTC_CheckStackVars2 000000014001c870     MSVCRTD:stack.obj
 0003:00002880       $chain$1$_RTC_CheckStackVars2 000000014001c880     MSVCRTD:stack.obj
 0003:0000289c       $chain$2$_RTC_CheckStackVars2 000000014001c89c     MSVCRTD:stack.obj
 0003:000028b4       $chain$3$_RTC_CheckStackVars2 000000014001c8b4     MSVCRTD:stack.obj
 0003:000028cc       $chain$4$_RTC_CheckStackVars2 000000014001c8cc     MSVCRTD:stack.obj
 0003:000028e0       $chain$5$_RTC_CheckStackVars2 000000014001c8e0     MSVCRTD:stack.obj
 0003:000028f4       $chain$6$_RTC_CheckStackVars2 000000014001c8f4     MSVCRTD:stack.obj
 0003:00002908       $unwind$_RTC_AllocaHelper  000000014001c908     MSVCRTD:stack.obj
 0003:00002910       $chain$0$_RTC_AllocaHelper 000000014001c910     MSVCRTD:stack.obj
 0003:00002928       $chain$1$_RTC_AllocaHelper 000000014001c928     MSVCRTD:stack.obj
 0003:0000293c       $unwind$_RTC_Shutdown      000000014001c93c     MSVCRTD:init.obj
 0003:00002944       $unwind$_RTC_InitBase      000000014001c944     MSVCRTD:init.obj
 0003:0000294c       $unwind$__CheckForDebuggerJustMyCode 000000014001c94c     MSVCRTD:debugger_jmc.obj
 0003:00002954       $unwind$?configure_argv@__scrt_narrow_argv_policy@@SAHXZ 000000014001c954     MSVCRTD:exe_main.obj
 0003:0000295c       $unwind$?initialize_environment@__scrt_narrow_environment_policy@@SAHXZ 000000014001c95c     MSVCRTD:exe_main.obj
 0003:00002964       $unwind$?set_app_type@__scrt_main_policy@@SAXXZ 000000014001c964     MSVCRTD:exe_main.obj
 0003:0000296c       $unwind$?set_fmode@__scrt_file_policy@@SAXXZ 000000014001c96c     MSVCRTD:exe_main.obj
 0003:00002974       $unwind$?set_commode@__scrt_file_policy@@SAXXZ 000000014001c974     MSVCRTD:exe_main.obj
 0003:0000297c       $unwind$?invoke_main@@YAHXZ 000000014001c97c     MSVCRTD:exe_main.obj
 0003:00002984       $unwind$?pre_c_initialization@@YAHXZ 000000014001c984     MSVCRTD:exe_main.obj
 0003:0000298c       $unwind$?post_pgo_initialization@@YAHXZ 000000014001c98c     MSVCRTD:exe_main.obj
 0003:00002994       $unwind$?pre_cpp_initialization@@YAXXZ 000000014001c994     MSVCRTD:exe_main.obj
 0003:0000299c       $unwind$?__scrt_common_main_seh@@YAHXZ 000000014001c99c     MSVCRTD:exe_main.obj
 0003:000029c0       $unwind$?filt$0@?0??__scrt_common_main_seh@@YAHXZ@4HA 000000014001c9c0     MSVCRTD:exe_main.obj
 0003:000029c8       $unwind$?__scrt_common_main@@YAHXZ 000000014001c9c8     MSVCRTD:exe_main.obj
 0003:000029d0       $unwind$mainCRTStartup     000000014001c9d0     MSVCRTD:exe_main.obj
 0003:000029d8       $unwind$_RTC_UninitUse     000000014001c9d8     MSVCRTD:error.obj
 0003:000029f4       $unwind$?_RTC_StackFailure@@YAXPEAXPEBD@Z 000000014001c9f4     MSVCRTD:error.obj
 0003:00002a14       $unwind$?_RTC_AllocaFailure@@YAXPEAXPEAU_RTC_ALLOCA_NODE@@H@Z 000000014001ca14     MSVCRTD:error.obj
 0003:00002a30       $chain$0$?_RTC_AllocaFailure@@YAXPEAXPEAU_RTC_ALLOCA_NODE@@H@Z 000000014001ca30     MSVCRTD:error.obj
 0003:00002a48       $chain$1$?_RTC_AllocaFailure@@YAXPEAXPEAU_RTC_ALLOCA_NODE@@H@Z 000000014001ca48     MSVCRTD:error.obj
 0003:00002a5c       $unwind$_vsprintf_s_l      000000014001ca5c     MSVCRTD:error.obj
 0003:00002a74       $unwind$sprintf_s          000000014001ca74     MSVCRTD:error.obj
 0003:00002a7c       $unwind$?notify_debugger@@YAXAEBUtagEXCEPTION_VISUALCPP_DEBUG_INFO@@@Z 000000014001ca7c     MSVCRTD:error.obj
 0003:00002aa0       $unwind$?filt$0@?0??notify_debugger@@YAXAEBUtagEXCEPTION_VISUALCPP_DEBUG_INFO@@@Z@4HA 000000014001caa0     MSVCRTD:error.obj
 0003:00002aa8       $unwind$?DebuggerProbe@@YA_NK@Z 000000014001caa8     MSVCRTD:error.obj
 0003:00002ab0       $unwind$?DebuggerRuntime@@YA_NKHPEAXPEB_W@Z 000000014001cab0     MSVCRTD:error.obj
 0003:00002ab8       $unwind$?failwithmessage@@YAXPEAXHHPEBD@Z 000000014001cab8     MSVCRTD:error.obj
 0003:00002ae0       $unwind$?_getMemBlockDataString@@YAXPEAD0PEBD_K@Z 000000014001cae0     MSVCRTD:error.obj
 0003:00002af4       $chain$3$?_getMemBlockDataString@@YAXPEAD0PEBD_K@Z 000000014001caf4     MSVCRTD:error.obj
 0003:00002b18       $chain$4$?_getMemBlockDataString@@YAXPEAD0PEBD_K@Z 000000014001cb18     MSVCRTD:error.obj
 0003:00002b2c       $unwind$atexit             000000014001cb2c     MSVCRTD:utility.obj
 0003:00002b34       $unwind$_onexit            000000014001cb34     MSVCRTD:utility.obj
 0003:00002b3c       $unwind$at_quick_exit      000000014001cb3c     MSVCRTD:utility.obj
 0003:00002b44       $unwind$__scrt_is_nonwritable_in_current_image 000000014001cb44     MSVCRTD:utility.obj
 0003:00002b68       $unwind$__scrt_is_nonwritable_in_current_image$filt$0 000000014001cb68     MSVCRTD:utility.obj
 0003:00002b70       $unwind$__scrt_acquire_startup_lock 000000014001cb70     MSVCRTD:utility.obj
 0003:00002b78       $unwind$__scrt_release_startup_lock 000000014001cb78     MSVCRTD:utility.obj
 0003:00002b80       $unwind$__scrt_initialize_crt 000000014001cb80     MSVCRTD:utility.obj
 0003:00002b88       $unwind$__scrt_uninitialize_crt 000000014001cb88     MSVCRTD:utility.obj
 0003:00002b90       $unwind$__scrt_initialize_onexit_tables 000000014001cb90     MSVCRTD:utility.obj
 0003:00002ba0       $unwind$__scrt_dllmain_exception_filter 000000014001cba0     MSVCRTD:utility.obj
 0003:00002ba8       $unwind$__scrt_dllmain_before_initialize_c 000000014001cba8     MSVCRTD:utility.obj
 0003:00002bb0       $unwind$__scrt_dllmain_after_initialize_c 000000014001cbb0     MSVCRTD:utility.obj
 0003:00002bb8       $unwind$__scrt_dllmain_uninitialize_c 000000014001cbb8     MSVCRTD:utility.obj
 0003:00002bc0       $unwind$__scrt_dllmain_uninitialize_critical 000000014001cbc0     MSVCRTD:utility.obj
 0003:00002bc8       $unwind$__scrt_dllmain_crt_thread_attach 000000014001cbc8     MSVCRTD:utility.obj
 0003:00002bd0       $unwind$__scrt_dllmain_crt_thread_detach 000000014001cbd0     MSVCRTD:utility.obj
 0003:00002bd8       $unwind$?is_potentially_valid_image_base@@YA_NQEAX@Z 000000014001cbd8     MSVCRTD:utility.obj
 0003:00002be0       $unwind$?find_pe_section@@YAPEAU_IMAGE_SECTION_HEADER@@QEAE_K@Z 000000014001cbe0     MSVCRTD:utility.obj
 0003:00002be8       $unwind$__security_init_cookie 000000014001cbe8     MSVCRTD:gs_support.obj
 0003:00002bf0       $unwind$__get_entropy      000000014001cbf0     MSVCRTD:gs_support.obj
 0003:00002bf8       $unwind$?__scrt_initialize_type_info@@YAXXZ 000000014001cbf8     MSVCRTD:tncleanup.obj
 0003:00002c00       $unwind$?__scrt_uninitialize_type_info@@YAXXZ 000000014001cc00     MSVCRTD:tncleanup.obj
 0003:00002c08       $unwind$__scrt_initialize_default_local_stdio_options 000000014001cc08     MSVCRTD:default_local_stdio_options.obj
 0003:00002c10       $unwind$__scrt_is_user_matherr_present 000000014001cc10     MSVCRTD:matherr_detection.obj
 0003:00002c18       $unwind$__scrt_get_show_window_mode 000000014001cc18     MSVCRTD:utility_desktop.obj
 0003:00002c28       $unwind$__scrt_is_managed_app 000000014001cc28     MSVCRTD:utility_desktop.obj
 0003:00002c30       $unwind$__scrt_initialize_mta 000000014001cc30     MSVCRTD:utility_desktop.obj
 0003:00002c38       $unwind$__scrt_set_unhandled_exception_filter 000000014001cc38     MSVCRTD:utility_desktop.obj
 0003:00002c40       $unwind$__scrt_fastfail    000000014001cc40     MSVCRTD:utility_desktop.obj
 0003:00002c50       $unwind$__scrt_unhandled_exception_filter 000000014001cc50     MSVCRTD:utility_desktop.obj
 0003:00002c58       $unwind$_RTC_Initialize    000000014001cc58     MSVCRTD:initsect.obj
 0003:00002c68       $unwind$_RTC_Terminate     000000014001cc68     MSVCRTD:initsect.obj
 0003:00002c78       $unwind$ReadNoFence64      000000014001cc78     MSVCRTD:guard_support.obj
 0003:00002c80       $unwind$ReadPointerNoFence 000000014001cc80     MSVCRTD:guard_support.obj
 0003:00002c88       $unwind$__castguard_set_user_handler 000000014001cc88     MSVCRTD:guard_support.obj
 0003:00002c90       $unwind$_guard_icall_checks_enforced 000000014001cc90     MSVCRTD:guard_support.obj
 0003:00002c98       $unwind$__castguard_compat_check 000000014001cc98     MSVCRTD:guard_support.obj
 0003:00002ca0       $unwind$__castguard_check_failure_os_handled_wrapper 000000014001cca0     MSVCRTD:guard_support.obj
 0003:00002ca8       $unwind$__castguard_check_failure_user_handled_wrapper 000000014001cca8     MSVCRTD:guard_support.obj
 0003:00002cb0       $unwind$__castguard_check_failure_debugbreak 000000014001ccb0     MSVCRTD:guard_support.obj
 0003:00002cb8       $unwind$__castguard_check_failure_fastfail 000000014001ccb8     MSVCRTD:guard_support.obj
 0003:00002cc0       $unwind$__castguard_check_failure_os_handled 000000014001ccc0     MSVCRTD:guard_support.obj
 0003:00002cc8       $unwind$__castguard_check_failure_user_handled 000000014001ccc8     MSVCRTD:guard_support.obj
 0003:00002cd0       $unwind$__castguard_slow_path_compat_check 000000014001ccd0     MSVCRTD:guard_support.obj
 0003:00002cd8       $unwind$__castguard_slow_path_check_debugbreak 000000014001ccd8     MSVCRTD:guard_support.obj
 0003:00002ce0       $unwind$__castguard_slow_path_check_fastfail 000000014001cce0     MSVCRTD:guard_support.obj
 0003:00002ce8       $unwind$__castguard_slow_path_check_os_handled 000000014001cce8     MSVCRTD:guard_support.obj
 0003:00002cf0       $unwind$__castguard_slow_path_check_user_handled 000000014001ccf0     MSVCRTD:guard_support.obj
 0003:00002cf8       $unwind$?_RTC_GetSrcLine@@YAHPEAEPEA_WKPEAH1K@Z 000000014001ccf8     MSVCRTD:pdblkup.obj
 0003:00002d14       $unwind$?GetPdbDllFromInstallPath@@YAPEAUHINSTANCE__@@XZ 000000014001cd14     MSVCRTD:pdblkup.obj
 0003:00002d3c       $unwind$?GetPdbDllPathFromFilePath@@YAHPEB_WPEA_W_K@Z 000000014001cd3c     MSVCRTD:pdblkup.obj
 0003:00002d58       $unwind$?GetPdbDll@@YAPEAUHINSTANCE__@@XZ 000000014001cd58     MSVCRTD:pdblkup.obj
 0003:00002d6c       $unwind$__GSHandlerCheckCommon 000000014001cd6c     MSVCRTD:gshandler.obj
 0003:00002d74       $unwind$__GSHandlerCheck   000000014001cd74     MSVCRTD:gshandler.obj
 0003:00002d80       $xdatasym                  000000014001cd80     MSVCRTD:amdsecgs.obj
 0003:00002d84       $unwind$__isa_available_init 000000014001cd84     MSVCRTD:cpu_disp.obj
 0003:00002d98       $unwind$__scrt_is_ucrt_dll_in_use 000000014001cd98     MSVCRTD:ucrt_detection.obj
 0003:00002da0       $xdatasym                  000000014001cda0     MSVCRTD:guard_dispatch.obj
 0003:00002da8       $xdatasym                  000000014001cda8     MSVCRTD:guard_xfg_dispatch.obj
 0003:00002dac       $unwind$__report_securityfailure 000000014001cdac     MSVCRTD:gs_report.obj
 0003:00002db4       $unwind$__report_securityfailureEx 000000014001cdb4     MSVCRTD:gs_report.obj
 0003:00002dbc       $unwind$__report_rangecheckfailure 000000014001cdbc     MSVCRTD:gs_report.obj
 0003:00002dc4       $unwind$__report_gsfailure 000000014001cdc4     MSVCRTD:gs_report.obj
[...]
 0007:00000006       __05EEB633_limits@h        0000000140024006     Function_Overloading.obj
 0007:00000007       __7CE37BCF_climits         0000000140024007     Function_Overloading.obj
 0007:00000008       __6569C2CA_corecrt@h       0000000140024008     Function_Overloading.obj
 0007:00000009       __D5F74309_vcruntime_new@h 0000000140024009     Function_Overloading.obj
 0007:0000000a       __ED298667_vcruntime_new_debug@h 000000014002400a     Function_Overloading.obj
 0007:0000000b       __49916C16_crtdbg@h        000000014002400b     Function_Overloading.obj
 0007:0000000c       __B40C025A_crtdefs@h       000000014002400c     Function_Overloading.obj
 0007:0000000d       __97CA0262_use_ansi@h      000000014002400d     Function_Overloading.obj
 0007:0000000e       __4E4CEF82_yvals@h         000000014002400e     Function_Overloading.obj
 0007:0000000f       __741AE07E_corecrt_math@h  000000014002400f     Function_Overloading.obj
 0007:00000010       __91D68F2D_math@h          0000000140024010     Function_Overloading.obj
 0007:00000011       __6C20D4D3_corecrt_malloc@h 0000000140024011     Function_Overloading.obj
 0007:00000012       __C9393812_stddef@h        0000000140024012     Function_Overloading.obj
 0007:00000013       __D493B9BD_corecrt_search@h 0000000140024013     Function_Overloading.obj
 0007:00000014       __1473E23E_corecrt_wstdlib@h 0000000140024014     Function_Overloading.obj
 0007:00000015       __B49664B7_stdlib@h        0000000140024015     Function_Overloading.obj
 0007:00000016       __F80C593D_cstdlib         0000000140024016     Function_Overloading.obj
 0007:00000017       __6CC4302B_xtr1common      0000000140024017     Function_Overloading.obj
 0007:00000018       __7178C802_intrin0@inl@h   0000000140024018     Function_Overloading.obj
 0007:00000019       __AD21BB51_intrin0@h       0000000140024019     Function_Overloading.obj
 0007:0000001a       __7BD6CF81_cmath           000000014002401a     Function_Overloading.obj
 0007:0000001b       __A2143F22_corecrt_stdio_config@h 000000014002401b     Function_Overloading.obj
 0007:0000001c       __829E1958_corecrt_wstdio@h 000000014002401c     Function_Overloading.obj
 0007:0000001d       __6DFAE8B8_stdio@h         000000014002401d     Function_Overloading.obj
 0007:0000001e       __FAE305CF_cstdio          000000014002401e     Function_Overloading.obj
 0007:0000001f       __CDDAF8CA_errno@h         000000014002401f     Function_Overloading.obj
 0007:00000020       __4BC88476_vcruntime_string@h 0000000140024020     Function_Overloading.obj
 0007:00000021       __1FEB9909_corecrt_memcpy_s@h 0000000140024021     Function_Overloading.obj
 0007:00000022       __A751F051_corecrt_memory@h 0000000140024022     Function_Overloading.obj
 0007:00000023       __9200769A_corecrt_wstring@h 0000000140024023     Function_Overloading.obj
 0007:00000024       __32E5F013_string@h        0000000140024024     Function_Overloading.obj
 0007:00000025       __B49EF1DD_cstring         0000000140024025     Function_Overloading.obj
 0007:00000026       __C6E16F6F_corecrt_wconio@h 0000000140024026     Function_Overloading.obj
 0007:00000027       __5DB64B66_corecrt_wctype@h 0000000140024027     Function_Overloading.obj
 0007:00000028       __CB8D9B53_corecrt_wdirect@h 0000000140024028     Function_Overloading.obj
 0007:00000029       __A9063C41_corecrt_share@h 0000000140024029     Function_Overloading.obj
 0007:0000002a       __6D390390_corecrt_wio@h   000000014002402a     Function_Overloading.obj
 0007:0000002b       __61BDDCD5_corecrt_wprocess@h 000000014002402b     Function_Overloading.obj
 0007:0000002c       __1157D6BA_corecrt_wtime@h 000000014002402c     Function_Overloading.obj
 0007:0000002d       __64F617E8_types@h         000000014002402d     Function_Overloading.obj
 0007:0000002e       __1DC1E279_stat@h          000000014002402e     Function_Overloading.obj
 0007:0000002f       __93DC0B45_wchar@h         000000014002402f     Function_Overloading.obj
 0007:00000030       __6068D39C_cwchar          0000000140024030     Function_Overloading.obj
 0007:00000031       __23A856AA_iosfwd          0000000140024031     Function_Overloading.obj
 0007:00000032       __5DC78390_cstddef         0000000140024032     Function_Overloading.obj
 0007:00000033       __33B42F3D_initializer_list 0000000140024033     Function_Overloading.obj
 0007:00000034       __BB98980C_stdint@h        0000000140024034     Function_Overloading.obj
 0007:00000035       __4552B840_cstdint         0000000140024035     Function_Overloading.obj
 0007:00000036       __7FB6D5C7_type_traits     0000000140024036     Function_Overloading.obj
 0007:00000037       __CF01DCB6_utility         0000000140024037     Function_Overloading.obj
 0007:00000038       __12DC71E1___msvc_iter_core@hpp 0000000140024038     Function_Overloading.obj
 0007:00000039       __D740E0F1_xutility        0000000140024039     Function_Overloading.obj
 0007:0000003a       __C6EC57B1_iterator        000000014002403a     Function_Overloading.obj
 0007:0000003b       __5B81F060_share@h         000000014002403b     Function_Overloading.obj
 0007:0000003c       __3D410F40___msvc_system_error_abi@hpp 000000014002403c     Function_Overloading.obj
 0007:0000003d       __67C27134_cerrno          000000014002403d     Function_Overloading.obj
 0007:0000003e       __20BB4341_malloc@h        000000014002403e     Function_Overloading.obj
 0007:0000003f       __3C5D8049_corecrt_terminate@h 000000014002403f     Function_Overloading.obj
 0007:00000040       __27A4BD10_eh@h            0000000140024040     Function_Overloading.obj
 0007:00000041       __E5C78335_vcruntime_exception@h 0000000140024041     Function_Overloading.obj
 0007:00000042       __7C536CCC_exception       0000000140024042     Function_Overloading.obj
 0007:00000043       __158E8E48_float@h         0000000140024043     Function_Overloading.obj
 0007:00000044       __89A7CE48_cfloat          0000000140024044     Function_Overloading.obj
 0007:00000045       __98438E05_isa_availability@h 0000000140024045     Function_Overloading.obj
 0007:00000046       __EF41832C_limits          0000000140024046     Function_Overloading.obj
 0007:00000047       __0DB0C2E5_new             0000000140024047     Function_Overloading.obj
 0007:00000048       __765FE01A_xatomic@h       0000000140024048     Function_Overloading.obj
 0007:00000049       __A594BF75_xmemory         0000000140024049     Function_Overloading.obj
 0007:0000004a       __DFFCB714___msvc_sanitizer_annotate_container@hpp 000000014002404a     Function_Overloading.obj
 0007:0000004b       __D14739E9_xstring         000000014002404b     Function_Overloading.obj
 0007:0000004c       __F51D5691_stdexcept       000000014002404c     Function_Overloading.obj
 0007:0000004d       __ED2630B9_xcall_once@h    000000014002404d     Function_Overloading.obj
 0007:0000004e       __E6D9FA8D_xerrc@h         000000014002404e     Function_Overloading.obj
 0007:0000004f       __A0B61CF9_time@h          000000014002404f     Function_Overloading.obj
 0007:00000050       __BD655389_ctime           0000000140024050     Function_Overloading.obj
 0007:00000051       __618403B0_xtimec@h        0000000140024051     Function_Overloading.obj
 0007:00000052       __F68435D1_xthreads@h      0000000140024052     Function_Overloading.obj
 0007:00000053       __8474DFEE_atomic          0000000140024053     Function_Overloading.obj
 0007:00000054       __527B2299_system_error    0000000140024054     Function_Overloading.obj
 0007:00000055       __0632977E_vcruntime_typeinfo@h 0000000140024055     Function_Overloading.obj
 0007:00000056       __A79F13E8_typeinfo        0000000140024056     Function_Overloading.obj
 0007:00000057       __53EF8FA2_memory          0000000140024057     Function_Overloading.obj
 0007:00000058       __7FAAD8AD_xfacet          0000000140024058     Function_Overloading.obj
 0007:00000059       __53FF2065___msvc_xlocinfo_types@hpp 0000000140024059     Function_Overloading.obj
 0007:0000005a       __B2D2BA86_ctype@h         000000014002405a     Function_Overloading.obj
 0007:0000005b       __F528E268_cctype          000000014002405b     Function_Overloading.obj
 0007:0000005c       __A3D09DBA_locale@h        000000014002405c     Function_Overloading.obj
 0007:0000005d       __6BA085EC_clocale         000000014002405d     Function_Overloading.obj
 0007:0000005e       __B816F020_xlocinfo        000000014002405e     Function_Overloading.obj
 0007:0000005f       __0E794DD8_xlocale         000000014002405f     Function_Overloading.obj
 0007:00000060       __81F38733_xiosbase        0000000140024060     Function_Overloading.obj
 0007:00000061       __F7BDEE2D_streambuf       0000000140024061     Function_Overloading.obj
 0007:00000062       __90FE2BCF_xlocnum         0000000140024062     Function_Overloading.obj
 0007:00000063       __F57DF8F3_ios             0000000140024063     Function_Overloading.obj
 0007:00000064       __1D69971C_ostream         0000000140024064     Function_Overloading.obj
 0007:00000065       __7EB9A226_istream         0000000140024065     Function_Overloading.obj
 0007:00000066       __B5399AEE_iostream        0000000140024066     Function_Overloading.obj
 0007:00000067       __7C834F7C_Function_Overloading@h 0000000140024067     Function_Overloading.obj
 0007:00000068       __1686F153_Function_Overloading@cpp 0000000140024068     Function_Overloading.obj
 0007:0000007e       __2972590E_concurrencysal@h 000000014002407e     Function_Overloading_Func.obj
 0007:0000007f       __196CC136_sal@h           000000014002407f     Function_Overloading_Func.obj
 0007:00000080       __C395F66A_vadefs@h        0000000140024080     Function_Overloading_Func.obj
 0007:00000081       __D5C25611_vcruntime@h     0000000140024081     Function_Overloading_Func.obj
 0007:00000082       __311F130C_xkeycheck@h     0000000140024082     Function_Overloading_Func.obj
 0007:00000083       __AEBEEEE9_yvals_core@h    0000000140024083     Function_Overloading_Func.obj
 0007:00000084       __05EEB633_limits@h        0000000140024084     Function_Overloading_Func.obj
 0007:00000085       __7CE37BCF_climits         0000000140024085     Function_Overloading_Func.obj
 0007:00000086       __6569C2CA_corecrt@h       0000000140024086     Function_Overloading_Func.obj
 0007:00000087       __D5F74309_vcruntime_new@h 0000000140024087     Function_Overloading_Func.obj
 0007:00000088       __ED298667_vcruntime_new_debug@h 0000000140024088     Function_Overloading_Func.obj
 0007:00000089       __49916C16_crtdbg@h        0000000140024089     Function_Overloading_Func.obj
 0007:0000008a       __B40C025A_crtdefs@h       000000014002408a     Function_Overloading_Func.obj
 0007:0000008b       __97CA0262_use_ansi@h      000000014002408b     Function_Overloading_Func.obj
 0007:0000008c       __4E4CEF82_yvals@h         000000014002408c     Function_Overloading_Func.obj
 0007:0000008d       __741AE07E_corecrt_math@h  000000014002408d     Function_Overloading_Func.obj
 0007:0000008e       __91D68F2D_math@h          000000014002408e     Function_Overloading_Func.obj
 0007:0000008f       __6C20D4D3_corecrt_malloc@h 000000014002408f     Function_Overloading_Func.obj
 0007:00000090       __C9393812_stddef@h        0000000140024090     Function_Overloading_Func.obj
 0007:00000091       __D493B9BD_corecrt_search@h 0000000140024091     Function_Overloading_Func.obj
 0007:00000092       __1473E23E_corecrt_wstdlib@h 0000000140024092     Function_Overloading_Func.obj
 0007:00000093       __B49664B7_stdlib@h        0000000140024093     Function_Overloading_Func.obj
 0007:00000094       __F80C593D_cstdlib         0000000140024094     Function_Overloading_Func.obj
 0007:00000095       __6CC4302B_xtr1common      0000000140024095     Function_Overloading_Func.obj
 0007:00000096       __7178C802_intrin0@inl@h   0000000140024096     Function_Overloading_Func.obj
 0007:00000097       __AD21BB51_intrin0@h       0000000140024097     Function_Overloading_Func.obj
 0007:00000098       __7BD6CF81_cmath           0000000140024098     Function_Overloading_Func.obj
 0007:00000099       __A2143F22_corecrt_stdio_config@h 0000000140024099     Function_Overloading_Func.obj
 0007:0000009a       __829E1958_corecrt_wstdio@h 000000014002409a     Function_Overloading_Func.obj
 0007:0000009b       __6DFAE8B8_stdio@h         000000014002409b     Function_Overloading_Func.obj
 0007:0000009c       __FAE305CF_cstdio          000000014002409c     Function_Overloading_Func.obj
 0007:0000009d       __CDDAF8CA_errno@h         000000014002409d     Function_Overloading_Func.obj
 0007:0000009e       __4BC88476_vcruntime_string@h 000000014002409e     Function_Overloading_Func.obj
 0007:0000009f       __1FEB9909_corecrt_memcpy_s@h 000000014002409f     Function_Overloading_Func.obj
 0007:000000a0       __A751F051_corecrt_memory@h 00000001400240a0     Function_Overloading_Func.obj
 0007:000000a1       __9200769A_corecrt_wstring@h 00000001400240a1     Function_Overloading_Func.obj
 0007:000000a2       __32E5F013_string@h        00000001400240a2     Function_Overloading_Func.obj
 0007:000000a3       __B49EF1DD_cstring         00000001400240a3     Function_Overloading_Func.obj
 0007:000000a4       __C6E16F6F_corecrt_wconio@h 00000001400240a4     Function_Overloading_Func.obj
 0007:000000a5       __5DB64B66_corecrt_wctype@h 00000001400240a5     Function_Overloading_Func.obj
 0007:000000a6       __CB8D9B53_corecrt_wdirect@h 00000001400240a6     Function_Overloading_Func.obj
 0007:000000a7       __A9063C41_corecrt_share@h 00000001400240a7     Function_Overloading_Func.obj
 0007:000000a8       __6D390390_corecrt_wio@h   00000001400240a8     Function_Overloading_Func.obj
 0007:000000a9       __61BDDCD5_corecrt_wprocess@h 00000001400240a9     Function_Overloading_Func.obj
 0007:000000aa       __1157D6BA_corecrt_wtime@h 00000001400240aa     Function_Overloading_Func.obj
 0007:000000ab       __64F617E8_types@h         00000001400240ab     Function_Overloading_Func.obj
 0007:000000ac       __1DC1E279_stat@h          00000001400240ac     Function_Overloading_Func.obj
 0007:000000ad       __93DC0B45_wchar@h         00000001400240ad     Function_Overloading_Func.obj
 0007:000000ae       __6068D39C_cwchar          00000001400240ae     Function_Overloading_Func.obj
 0007:000000af       __23A856AA_iosfwd          00000001400240af     Function_Overloading_Func.obj
 0007:000000b0       __5DC78390_cstddef         00000001400240b0     Function_Overloading_Func.obj
 0007:000000b1       __33B42F3D_initializer_list 00000001400240b1     Function_Overloading_Func.obj
 0007:000000b2       __BB98980C_stdint@h        00000001400240b2     Function_Overloading_Func.obj
 0007:000000b3       __4552B840_cstdint         00000001400240b3     Function_Overloading_Func.obj
 0007:000000b4       __7FB6D5C7_type_traits     00000001400240b4     Function_Overloading_Func.obj
 0007:000000b5       __CF01DCB6_utility         00000001400240b5     Function_Overloading_Func.obj
 0007:000000b6       __12DC71E1___msvc_iter_core@hpp 00000001400240b6     Function_Overloading_Func.obj
 0007:000000b7       __D740E0F1_xutility        00000001400240b7     Function_Overloading_Func.obj
 0007:000000b8       __C6EC57B1_iterator        00000001400240b8     Function_Overloading_Func.obj
 0007:000000b9       __5B81F060_share@h         00000001400240b9     Function_Overloading_Func.obj
 0007:000000ba       __3D410F40___msvc_system_error_abi@hpp 00000001400240ba     Function_Overloading_Func.obj
 0007:000000bb       __67C27134_cerrno          00000001400240bb     Function_Overloading_Func.obj
 0007:000000bc       __20BB4341_malloc@h        00000001400240bc     Function_Overloading_Func.obj
 0007:000000bd       __3C5D8049_corecrt_terminate@h 00000001400240bd     Function_Overloading_Func.obj
 0007:000000be       __27A4BD10_eh@h            00000001400240be     Function_Overloading_Func.obj
 0007:000000bf       __E5C78335_vcruntime_exception@h 00000001400240bf     Function_Overloading_Func.obj
 0007:000000c0       __7C536CCC_exception       00000001400240c0     Function_Overloading_Func.obj
 0007:000000c1       __158E8E48_float@h         00000001400240c1     Function_Overloading_Func.obj
 0007:000000c2       __89A7CE48_cfloat          00000001400240c2     Function_Overloading_Func.obj
 0007:000000c3       __98438E05_isa_availability@h 00000001400240c3     Function_Overloading_Func.obj
 0007:000000c4       __EF41832C_limits          00000001400240c4     Function_Overloading_Func.obj
 0007:000000c5       __0DB0C2E5_new             00000001400240c5     Function_Overloading_Func.obj
 0007:000000c6       __765FE01A_xatomic@h       00000001400240c6     Function_Overloading_Func.obj
 0007:000000c7       __A594BF75_xmemory         00000001400240c7     Function_Overloading_Func.obj
 0007:000000c8       __DFFCB714___msvc_sanitizer_annotate_container@hpp 00000001400240c8     Function_Overloading_Func.obj
 0007:000000c9       __D14739E9_xstring         00000001400240c9     Function_Overloading_Func.obj
 0007:000000ca       __F51D5691_stdexcept       00000001400240ca     Function_Overloading_Func.obj
 0007:000000cb       __ED2630B9_xcall_once@h    00000001400240cb     Function_Overloading_Func.obj
 0007:000000cc       __E6D9FA8D_xerrc@h         00000001400240cc     Function_Overloading_Func.obj
 0007:000000cd       __A0B61CF9_time@h          00000001400240cd     Function_Overloading_Func.obj
 0007:000000ce       __BD655389_ctime           00000001400240ce     Function_Overloading_Func.obj
 0007:000000cf       __618403B0_xtimec@h        00000001400240cf     Function_Overloading_Func.obj
 0007:000000d0       __F68435D1_xthreads@h      00000001400240d0     Function_Overloading_Func.obj
 0007:000000d1       __8474DFEE_atomic          00000001400240d1     Function_Overloading_Func.obj
 0007:000000d2       __527B2299_system_error    00000001400240d2     Function_Overloading_Func.obj
 0007:000000d3       __0632977E_vcruntime_typeinfo@h 00000001400240d3     Function_Overloading_Func.obj
 0007:000000d4       __A79F13E8_typeinfo        00000001400240d4     Function_Overloading_Func.obj
 0007:000000d5       __53EF8FA2_memory          00000001400240d5     Function_Overloading_Func.obj
 0007:000000d6       __7FAAD8AD_xfacet          00000001400240d6     Function_Overloading_Func.obj
 0007:000000d7       __53FF2065___msvc_xlocinfo_types@hpp 00000001400240d7     Function_Overloading_Func.obj
 0007:000000d8       __B2D2BA86_ctype@h         00000001400240d8     Function_Overloading_Func.obj
 0007:000000d9       __F528E268_cctype          00000001400240d9     Function_Overloading_Func.obj
 0007:000000da       __A3D09DBA_locale@h        00000001400240da     Function_Overloading_Func.obj
 0007:000000db       __6BA085EC_clocale         00000001400240db     Function_Overloading_Func.obj
 0007:000000dc       __B816F020_xlocinfo        00000001400240dc     Function_Overloading_Func.obj
 0007:000000dd       __0E794DD8_xlocale         00000001400240dd     Function_Overloading_Func.obj
 0007:000000de       __81F38733_xiosbase        00000001400240de     Function_Overloading_Func.obj
 0007:000000df       __F7BDEE2D_streambuf       00000001400240df     Function_Overloading_Func.obj
 0007:000000e0       __90FE2BCF_xlocnum         00000001400240e0     Function_Overloading_Func.obj
 0007:000000e1       __F57DF8F3_ios             00000001400240e1     Function_Overloading_Func.obj
 0007:000000e2       __1D69971C_ostream         00000001400240e2     Function_Overloading_Func.obj
 0007:000000e3       __7EB9A226_istream         00000001400240e3     Function_Overloading_Func.obj
 0007:000000e4       __B5399AEE_iostream        00000001400240e4     Function_Overloading_Func.obj
 0007:000000e5       __2E3749F7_Function_Overloading_Func@cpp 00000001400240e5     Function_Overloading_Func.obj
 0009:00000170       $R000000                   0000000140026170     * linker generated manifest res *
